=== sched ===
disabled
=== proc stat ===
cpu  10434 8 4150 1142633 875 0 6 0 0 0
cpu0 308 0 154 47705 10 0 0 0 0 0
cpu1 76 0 28 48169 1 0 0 0 0 0
cpu2 660 0 231 47247 31 0 0 0 0 0
cpu3 73 0 20 48208 0 0 0 0 0 0
ctxt=1353315
procs_running=2
=== load ===
0.90 0.42 0.18 2/744 7840
=== vmstat ===
procs -----------memory---------- ---swap-- -----io---- -system-- -------cpu-------
 r  b   swpd   free   buff  cache   si   so    bi    bo   in   cs us sy id wa st gu
 1  0      0 13238860 76260 1155776  0    0  1903   309 2288    1  1  0 99  0  0  0
 0  0      0 13245092 76260 1157028  0    0     0     0 1508 4537  1  1 98  0  0  0
 0  0      0 13270412 76260 1142188  0    0     0     0 1240 4228  1  0 98  0  0  0
=== mpstat ===
Linux 7.0.12+kali-amd64 (kali) 	21/08/26 	_x86_64_	(24 CPU)

08:50:45     CPU    %usr   %nice    %sys %iowait    %irq   %soft  %steal  %guest  %gnice   %idle
08:50:46     all    1.37    0.00    0.62    0.12    0.00    0.00    0.00    0.00    0.00   97.88
08:50:46       0    2.97    0.00    1.98    0.00    0.00    0.00    0.00    0.00    0.00   95.05
08:50:46       1    0.00    0.00    0.00    0.00    0.00    0.00    0.00    0.00    0.00  100.00
08:50:46       2    1.00    0.00    0.00    0.00    0.00    0.00    0.00    0.00    0.00   99.00
08:50:46       3    0.00    0.00    0.00    0.00    0.00    0.00    0.00    0.00    0.00  100.00
08:50:46       4    7.00    0.00    4.00    1.00    0.00    0.00    0.00    0.00    0.00   88.00
08:50:46       5    0.00    0.00    0.00    0.00    0.00    0.00    0.00    0.00    0.00  100.00
08:50:46       6    0.99    0.00    1.98    0.00    0.00    0.00    0.00    0.00    0.00   97.03
08:50:46       7    0.00    0.00    0.00    0.00    0.00    0.00    0.00    0.00    0.00  100.00
08:50:46       8    2.00    0.00    2.00    0.00    0.00    0.00    0.00    0.00    0.00   96.00
08:50:46       9    0.00    0.00    0.00    0.00    0.00    0.00    0.00    0.00    0.00  100.00
08:50:46      10    3.06    0.00    1.02    0.00    0.00    0.00    0.00    0.00    0.00   95.92
08:50:46      11    1.98    0.00    0.00    0.00    0.00    0.00    0.00    0.00    0.00   98.02
08:50:46      12    3.88    0.00    1.94    0.97    0.00    0.00    0.00    0.00    0.00   93.20
08:50:46      13    0.00    0.00    0.00    0.00    0.00    0.00    0.00    0.00    0.00  100.00
08:50:46      14    3.96    0.00    0.00    0.00    0.00    0.00    0.00    0.00    0.00   96.04
08:50:46      15    0.00    0.00    0.00    0.00    0.00    0.00    0.00    0.00    0.00  100.00
08:50:46      16    1.94    0.00    0.97    0.97    0.00    0.00    0.00    0.00    0.00   96.12
08:50:46      17    1.00    0.00    0.00    0.00    0.00    0.00    0.00    0.00    0.00   99.00
08:50:46      18    0.00    0.00    0.99    0.00    0.00    0.00    0.00    0.00    0.00   99.01
08:50:46      19    0.99    0.00    0.00    0.00    0.00    0.00    0.00    0.00    0.00   99.01
08:50:46      20    0.00    0.00    0.00    0.00    0.00    0.00    0.00    0.00    0.00  100.00
08:50:46      21    0.00    0.00    0.00    0.00    0.00    0.00    0.00    0.00    0.00  100.00
08:50:46      22    0.99    0.00    0.00    0.00    0.00    0.00    0.00    0.00    0.00   99.01
08:50:46      23    1.01    0.00    0.00    0.00    0.00    0.00    0.00    0.00    0.00   98.99

Average:     CPU    %usr   %nice    %sys %iowait    %irq   %soft  %steal  %guest  %gnice   %idle
Average:     all    1.37    0.00    0.62    0.12    0.00    0.00    0.00    0.00    0.00   97.88
Average:       0    2.97    0.00    1.98    0.00    0.00    0.00    0.00    0.00    0.00   95.05
Average:       1    0.00    0.00    0.00    0.00    0.00    0.00    0.00    0.00    0.00  100.00
Average:       2    1.00    0.00    0.00    0.00    0.00    0.00    0.00    0.00    0.00   99.00
Average:       3    0.00    0.00    0.00    0.00    0.00    0.00    0.00    0.00    0.00  100.00
Average:       4    7.00    0.00    4.00    1.00    0.00    0.00    0.00    0.00    0.00   88.00
Average:       5    0.00    0.00    0.00    0.00    0.00    0.00    0.00    0.00    0.00  100.00
Average:       6    0.99    0.00    1.98    0.00    0.00    0.00    0.00    0.00    0.00   97.03
Average:       7    0.00    0.00    0.00    0.00    0.00    0.00    0.00    0.00    0.00  100.00
Average:       8    2.00    0.00    2.00    0.00    0.00    0.00    0.00    0.00    0.00   96.00
Average:       9    0.00    0.00    0.00    0.00    0.00    0.00    0.00    0.00    0.00  100.00
Average:      10    3.06    0.00    1.02    0.00    0.00    0.00    0.00    0.00    0.00   95.92
Average:      11    1.98    0.00    0.00    0.00    0.00    0.00    0.00    0.00    0.00   98.02
Average:      12    3.88    0.00    1.94    0.97    0.00    0.00    0.00    0.00    0.00   93.20
Average:      13    0.00    0.00    0.00    0.00    0.00    0.00    0.00    0.00    0.00  100.00
Average:      14    3.96    0.00    0.00    0.00    0.00    0.00    0.00    0.00    0.00   96.04
Average:      15    0.00    0.00    0.00    0.00    0.00    0.00    0.00    0.00    0.00  100.00
Average:      16    1.94    0.00    0.97    0.97    0.00    0.00    0.00    0.00    0.00   96.12
Average:      17    1.00    0.00    0.00    0.00    0.00    0.00    0.00    0.00    0.00   99.00
Average:      18    0.00    0.00    0.99    0.00    0.00    0.00    0.00    0.00    0.00   99.01
Average:      19    0.99    0.00    0.00    0.00    0.00    0.00    0.00    0.00    0.00   99.01
Average:      20    0.00    0.00    0.00    0.00    0.00    0.00    0.00    0.00    0.00  100.00
Average:      21    0.00    0.00    0.00    0.00    0.00    0.00    0.00    0.00    0.00  100.00
Average:      22    0.99    0.00    0.00    0.00    0.00    0.00    0.00    0.00    0.00   99.01
Average:      23    1.01    0.00    0.00    0.00    0.00    0.00    0.00    0.00    0.00   98.99
