Aug 21 13:12:43 kali kernel: Linux version 7.0.12+kali-amd64 (devel@kali.org) (x86_64-linux-gnu-gcc-15 (Debian 15.2.0-17) 15.2.0, GNU ld (GNU Binutils for Debian) 2.46.50.20260608) #1 SMP PREEMPT_DYNAMIC Kali 7.0.12-2kali1 (2026-06-18)
Aug 21 13:12:43 kali kernel: Command line: BOOT_IMAGE=/boot/vmlinuz-7.0.12+kali-amd64 root=UUID=ba748417-bde3-40af-8f54-01947d49ffa8 ro quiet splash
Aug 21 13:12:43 kali kernel: x86/tme: not enabled by BIOS
Aug 21 13:12:43 kali kernel: x86/split lock detection: #AC: crashing the kernel on kernel split_locks and warning on user-space split_locks
Aug 21 13:12:43 kali kernel: BIOS-provided physical RAM map:
Aug 21 13:12:43 kali kernel: BIOS-e820: [mem 0x0000000000000000-0x000000000009dfff]  System RAM
Aug 21 13:12:43 kali kernel: BIOS-e820: [mem 0x000000000009e000-0x000000000009efff]  device reserved
Aug 21 13:12:43 kali kernel: BIOS-e820: [mem 0x000000000009f000-0x000000000009ffff]  System RAM
Aug 21 13:12:43 kali kernel: BIOS-e820: [mem 0x00000000000a0000-0x00000000000fffff]  device reserved
Aug 21 13:12:43 kali kernel: BIOS-e820: [mem 0x0000000000100000-0x000000006c8cafff]  System RAM
Aug 21 13:12:43 kali kernel: BIOS-e820: [mem 0x000000006c8cb000-0x000000006f9cafff]  device reserved
Aug 21 13:12:43 kali kernel: BIOS-e820: [mem 0x000000006f9cb000-0x000000006faf6fff]  ACPI data
Aug 21 13:12:43 kali kernel: BIOS-e820: [mem 0x000000006faf7000-0x000000006fc51fff]  ACPI NVS
Aug 21 13:12:43 kali kernel: BIOS-e820: [mem 0x000000006fc52000-0x0000000072efefff]  device reserved
Aug 21 13:12:43 kali kernel: BIOS-e820: [mem 0x0000000072eff000-0x0000000072efffff]  System RAM
Aug 21 13:12:43 kali kernel: BIOS-e820: [mem 0x0000000072f00000-0x0000000078ffffff]  device reserved
Aug 21 13:12:43 kali kernel: BIOS-e820: [gap 0x0000000079000000-0x00000000797fffff]
Aug 21 13:12:43 kali kernel: BIOS-e820: [mem 0x0000000079800000-0x0000000079bfffff]  device reserved
Aug 21 13:12:43 kali kernel: BIOS-e820: [gap 0x0000000079c00000-0x0000000079ffffff]
Aug 21 13:12:43 kali kernel: BIOS-e820: [mem 0x000000007a000000-0x00000000803fffff]  device reserved
Aug 21 13:12:43 kali kernel: BIOS-e820: [gap 0x0000000080400000-0x00000000bfffffff]
Aug 21 13:12:43 kali kernel: BIOS-e820: [mem 0x00000000c0000000-0x00000000cfffffff]  device reserved
Aug 21 13:12:43 kali kernel: BIOS-e820: [gap 0x00000000d0000000-0x00000000fdffffff]
Aug 21 13:12:43 kali kernel: BIOS-e820: [mem 0x00000000fe000000-0x00000000fe010fff]  device reserved
Aug 21 13:12:43 kali kernel: BIOS-e820: [gap 0x00000000fe011000-0x00000000febfffff]
Aug 21 13:12:43 kali kernel: BIOS-e820: [mem 0x00000000fec00000-0x00000000fec00fff]  device reserved
Aug 21 13:12:43 kali kernel: BIOS-e820: [gap 0x00000000fec01000-0x00000000fecfffff]
Aug 21 13:12:43 kali kernel: BIOS-e820: [mem 0x00000000fed00000-0x00000000fed00fff]  device reserved
Aug 21 13:12:43 kali kernel: BIOS-e820: [gap 0x00000000fed01000-0x00000000fed1ffff]
Aug 21 13:12:43 kali kernel: BIOS-e820: [mem 0x00000000fed20000-0x00000000fed7ffff]  device reserved
Aug 21 13:12:43 kali kernel: BIOS-e820: [gap 0x00000000fed80000-0x00000000fedfffff]
Aug 21 13:12:43 kali kernel: BIOS-e820: [mem 0x00000000fee00000-0x00000000fee00fff]  device reserved
Aug 21 13:12:43 kali kernel: BIOS-e820: [gap 0x00000000fee01000-0x00000000feffffff]
Aug 21 13:12:43 kali kernel: BIOS-e820: [mem 0x00000000ff000000-0x00000000ffffffff]  device reserved
Aug 21 13:12:43 kali kernel: BIOS-e820: [mem 0x0000000100000000-0x000000047fbfffff]  System RAM
Aug 21 13:12:43 kali kernel: NX (Execute Disable) protection: active
Aug 21 13:12:43 kali kernel: APIC: Static calls initialized
Aug 21 13:12:43 kali kernel: efi: EFI v2.8 by American Megatrends
Aug 21 13:12:43 kali kernel: efi: ACPI=0x6faf6000 ACPI 2.0=0x6faf6014 TPMFinalLog=0x6fb5d000 SMBIOS=0x72af0000 SMBIOS 3.0=0x72aef000 MEMATTR=0x6861f118 ESRT=0x6ae01d98 INITRD=0x67544718 RNG=0x6fa18018 TPMEventLog=0x6fa13018 
Aug 21 13:12:43 kali kernel: random: crng init done
Aug 21 13:12:43 kali kernel: efi: Remove mem85: MMIO range=[0xc0000000-0xcfffffff] (256MB) from e820 map
Aug 21 13:12:43 kali kernel: e820: remove [mem 0xc0000000-0xcfffffff] device reserved
Aug 21 13:12:43 kali kernel: efi: Not removing mem86: MMIO range=[0xfe000000-0xfe010fff] (68KB) from e820 map
Aug 21 13:12:43 kali kernel: efi: Not removing mem87: MMIO range=[0xfec00000-0xfec00fff] (4KB) from e820 map
Aug 21 13:12:43 kali kernel: efi: Not removing mem88: MMIO range=[0xfed00000-0xfed00fff] (4KB) from e820 map
Aug 21 13:12:43 kali kernel: efi: Not removing mem90: MMIO range=[0xfee00000-0xfee00fff] (4KB) from e820 map
Aug 21 13:12:43 kali kernel: efi: Remove mem91: MMIO range=[0xff000000-0xffffffff] (16MB) from e820 map
Aug 21 13:12:43 kali kernel: e820: remove [mem 0xff000000-0xffffffff] device reserved
Aug 21 13:12:43 kali kernel: secureboot: Secure boot disabled
Aug 21 13:12:43 kali kernel: SMBIOS 3.6.0 present.
Aug 21 13:12:43 kali kernel: DMI: HP HP Pro Tower 280 G9 E PCI Desktop PC/8B3D, BIOS F.33 06/27/2025
Aug 21 13:12:43 kali kernel: DMI: Memory slots populated: 1/2
Aug 21 13:12:43 kali kernel: tsc: Detected 2100.000 MHz processor
Aug 21 13:12:43 kali kernel: tsc: Detected 2112.000 MHz TSC
Aug 21 13:12:43 kali kernel: e820: update [mem 0x00000000-0x00000fff] System RAM ==> device reserved
Aug 21 13:12:43 kali kernel: e820: remove [mem 0x000a0000-0x000fffff] System RAM
Aug 21 13:12:43 kali kernel: last_pfn = 0x47fc00 max_arch_pfn = 0x400000000
Aug 21 13:12:43 kali kernel: MTRR map: 6 entries (3 fixed + 3 variable; max 23), built from 10 variable MTRRs
Aug 21 13:12:43 kali kernel: x86/PAT: Configuration [0-7]: WB  WC  UC- UC  WB  WP  UC- WT  
Aug 21 13:12:43 kali kernel: e820: update [mem 0x7c000000-0xffffffff] System RAM ==> device reserved
Aug 21 13:12:43 kali kernel: last_pfn = 0x72f00 max_arch_pfn = 0x400000000
Aug 21 13:12:43 kali kernel: esrt: Reserving ESRT space from 0x000000006ae01d98 to 0x000000006ae01dd0.
Aug 21 13:12:43 kali kernel: e820: update [mem 0x6ae01000-0x6ae01fff] System RAM ==> device reserved
Aug 21 13:12:43 kali kernel: Using GB pages for direct mapping
Aug 21 13:12:43 kali kernel: RAMDISK: [mem 0x42b31000-0x4f629fff]
Aug 21 13:12:43 kali kernel: ACPI: Early table checksum verification disabled
Aug 21 13:12:43 kali kernel: ACPI: RSDP 0x000000006FAF6014 000024 (v02 HPQOEM)
Aug 21 13:12:43 kali kernel: ACPI: XSDT 0x000000006FAF5728 000124 (v01 HPQOEM SLIC-CPC 01072009 AMI  01000013)
Aug 21 13:12:43 kali kernel: ACPI: FACP 0x000000006FAF4000 000114 (v06 HPQOEM SLIC-CPC 01072009 AMI  01000013)
Aug 21 13:12:43 kali kernel: ACPI: DSDT 0x000000006FA5C000 097D0A (v02 HPQOEM SLIC-CPC 01072009 INTL 20200717)
Aug 21 13:12:43 kali kernel: ACPI: FACS 0x000000006FC4F000 000040
Aug 21 13:12:43 kali kernel: ACPI: FIDT 0x000000006FA5B000 00009C (v01 HPQOEM SLIC-CPC 01072009 AMI  00010013)
Aug 21 13:12:43 kali kernel: ACPI: SSDT 0x000000006FA5A000 000060 (v01 HPQOEM SLIC-CPC 00000001 INTL 20200717)
Aug 21 13:12:43 kali kernel: ACPI: SSDT 0x000000006FA59000 00038C (v02 PmaxDv Pmax_Dev 00000001 INTL 20200717)
Aug 21 13:12:43 kali kernel: ACPI: SSDT 0x000000006FA53000 005D34 (v02 CpuRef CpuSsdt  00003000 INTL 20200717)
Aug 21 13:12:43 kali kernel: ACPI: SSDT 0x000000006FA50000 002AA5 (v02 SaSsdt SaSsdt   00003000 INTL 20200717)
Aug 21 13:12:43 kali kernel: ACPI: SSDT 0x000000006FA4C000 00334F (v02 INTEL  IgfxSsdt 00003000 INTL 20200717)
Aug 21 13:12:43 kali kernel: ACPI: HPET 0x000000006FA4B000 000038 (v01 HPQOEM SLIC-CPC 01072009 AMI  01000013)
Aug 21 13:12:43 kali kernel: ACPI: APIC 0x000000006FA4A000 0001DC (v05 HPQOEM SLIC-CPC 01072009 AMI  01000013)
Aug 21 13:12:43 kali kernel: ACPI: MCFG 0x000000006FA49000 00003C (v01 HPQOEM SLIC-CPC 01072009 AMI  01000013)
Aug 21 13:12:43 kali kernel: ACPI: SSDT 0x000000006FA3F000 009618 (v02 HPQOEM RplS_Rvp 00001000 INTL 20200717)
Aug 21 13:12:43 kali kernel: ACPI: SSDT 0x000000006FA3D000 001F1A (v02 HPQOEM Ther_Rvp 00001000 INTL 20200717)
Aug 21 13:12:43 kali kernel: ACPI: UEFI 0x000000006FB43000 000048 (v01 HPQOEM SLIC-CPC 01072009 AMI  01000013)
Aug 21 13:12:43 kali kernel: ACPI: NHLT 0x000000006FA3C000 00002D (v00 HPQOEM SLIC-CPC 01072009 AMI  01000013)
Aug 21 13:12:43 kali kernel: ACPI: LPIT 0x000000006FA3B000 0000CC (v01 HPQOEM SLIC-CPC 01072009 AMI  01000013)
Aug 21 13:12:43 kali kernel: ACPI: SSDT 0x000000006FA37000 002A83 (v02 HPQOEM PtidDevc 00001000 INTL 20200717)
Aug 21 13:12:43 kali kernel: ACPI: SSDT 0x000000006FA2D000 0092F4 (v02 HPQOEM TbtTypeC 00000000 INTL 20200717)
Aug 21 13:12:43 kali kernel: ACPI: DBGP 0x000000006FA2C000 000034 (v01 HPQOEM SLIC-CPC 01072009 AMI  01000013)
Aug 21 13:12:43 kali kernel: ACPI: DBG2 0x000000006FA2B000 000054 (v00 HPQOEM SLIC-CPC 01072009 AMI  01000013)
Aug 21 13:12:43 kali kernel: ACPI: SSDT 0x000000006FA29000 00190A (v02 HPQOEM UsbCTabl 00001000 INTL 20200717)
Aug 21 13:12:43 kali kernel: ACPI: DMAR 0x000000006FA28000 000088 (v01 INTEL  EDK2     00000002      01000013)
Aug 21 13:12:43 kali kernel: ACPI: FPDT 0x000000006FA27000 000044 (v01 HPQOEM SLIC-CPC 01072009 AMI  01000013)
Aug 21 13:12:43 kali kernel: ACPI: SSDT 0x000000006FA25000 001602 (v02 INTEL  xh_rps14 00000000 INTL 20200717)
Aug 21 13:12:43 kali kernel: ACPI: SSDT 0x000000006FA21000 0039DA (v02 SocGpe SocGpe   00003000 INTL 20200717)
Aug 21 13:12:43 kali kernel: ACPI: SSDT 0x000000006FA1D000 0039DA (v02 SocCmn SocCmn   00003000 INTL 20200717)
Aug 21 13:12:43 kali kernel: ACPI: BGRT 0x000000006FA1C000 000038 (v01 HPQOEM SLIC-CPC 01072009 AMI  00010013)
Aug 21 13:12:43 kali kernel: ACPI: UEFI 0x000000006FB3F000 00063A (v01 INTEL  RstVmdE  00000000 INTL 00000000)
Aug 21 13:12:43 kali kernel: ACPI: UEFI 0x000000006FB3E000 00005C (v01 INTEL  RstVmdV  00000000 INTL 00000000)
Aug 21 13:12:43 kali kernel: ACPI: SSDT 0x000000006FA1B000 000843 (v01 HPQOEM SLIC-CPC 00000001 INTL 20200717)
Aug 21 13:12:43 kali kernel: ACPI: PHAT 0x000000006FA1A000 000591 (v01 HPQOEM SLIC-CPC 00000005 MSFT 0100000D)
Aug 21 13:12:43 kali kernel: ACPI: TPM2 0x000000006FA19000 00004C (v04 HPQOEM SLIC-CPC 00000001 AMI  00000000)
Aug 21 13:12:43 kali kernel: ACPI: WSMT 0x000000006FA3A000 000028 (v01 HPQOEM SLIC-CPC 01072009 AMI  00010013)
Aug 21 13:12:43 kali kernel: ACPI: Reserving FACP table memory at [mem 0x6faf4000-0x6faf4113]
Aug 21 13:12:43 kali kernel: ACPI: Reserving DSDT table memory at [mem 0x6fa5c000-0x6faf3d09]
Aug 21 13:12:43 kali kernel: ACPI: Reserving FACS table memory at [mem 0x6fc4f000-0x6fc4f03f]
Aug 21 13:12:43 kali kernel: ACPI: Reserving FIDT table memory at [mem 0x6fa5b000-0x6fa5b09b]
Aug 21 13:12:43 kali kernel: ACPI: Reserving SSDT table memory at [mem 0x6fa5a000-0x6fa5a05f]
Aug 21 13:12:43 kali kernel: ACPI: Reserving SSDT table memory at [mem 0x6fa59000-0x6fa5938b]
Aug 21 13:12:43 kali kernel: ACPI: Reserving SSDT table memory at [mem 0x6fa53000-0x6fa58d33]
Aug 21 13:12:43 kali kernel: ACPI: Reserving SSDT table memory at [mem 0x6fa50000-0x6fa52aa4]
Aug 21 13:12:43 kali kernel: ACPI: Reserving SSDT table memory at [mem 0x6fa4c000-0x6fa4f34e]
Aug 21 13:12:43 kali kernel: ACPI: Reserving HPET table memory at [mem 0x6fa4b000-0x6fa4b037]
Aug 21 13:12:43 kali kernel: ACPI: Reserving APIC table memory at [mem 0x6fa4a000-0x6fa4a1db]
Aug 21 13:12:43 kali kernel: ACPI: Reserving MCFG table memory at [mem 0x6fa49000-0x6fa4903b]
Aug 21 13:12:43 kali kernel: ACPI: Reserving SSDT table memory at [mem 0x6fa3f000-0x6fa48617]
Aug 21 13:12:43 kali kernel: ACPI: Reserving SSDT table memory at [mem 0x6fa3d000-0x6fa3ef19]
Aug 21 13:12:43 kali kernel: ACPI: Reserving UEFI table memory at [mem 0x6fb43000-0x6fb43047]
Aug 21 13:12:43 kali kernel: ACPI: Reserving NHLT table memory at [mem 0x6fa3c000-0x6fa3c02c]
Aug 21 13:12:43 kali kernel: ACPI: Reserving LPIT table memory at [mem 0x6fa3b000-0x6fa3b0cb]
Aug 21 13:12:43 kali kernel: ACPI: Reserving SSDT table memory at [mem 0x6fa37000-0x6fa39a82]
Aug 21 13:12:43 kali kernel: ACPI: Reserving SSDT table memory at [mem 0x6fa2d000-0x6fa362f3]
Aug 21 13:12:43 kali kernel: ACPI: Reserving DBGP table memory at [mem 0x6fa2c000-0x6fa2c033]
Aug 21 13:12:43 kali kernel: ACPI: Reserving DBG2 table memory at [mem 0x6fa2b000-0x6fa2b053]
Aug 21 13:12:43 kali kernel: ACPI: Reserving SSDT table memory at [mem 0x6fa29000-0x6fa2a909]
Aug 21 13:12:43 kali kernel: ACPI: Reserving DMAR table memory at [mem 0x6fa28000-0x6fa28087]
Aug 21 13:12:43 kali kernel: ACPI: Reserving FPDT table memory at [mem 0x6fa27000-0x6fa27043]
Aug 21 13:12:43 kali kernel: ACPI: Reserving SSDT table memory at [mem 0x6fa25000-0x6fa26601]
Aug 21 13:12:43 kali kernel: ACPI: Reserving SSDT table memory at [mem 0x6fa21000-0x6fa249d9]
Aug 21 13:12:43 kali kernel: ACPI: Reserving SSDT table memory at [mem 0x6fa1d000-0x6fa209d9]
Aug 21 13:12:43 kali kernel: ACPI: Reserving BGRT table memory at [mem 0x6fa1c000-0x6fa1c037]
Aug 21 13:12:43 kali kernel: ACPI: Reserving UEFI table memory at [mem 0x6fb3f000-0x6fb3f639]
Aug 21 13:12:43 kali kernel: ACPI: Reserving UEFI table memory at [mem 0x6fb3e000-0x6fb3e05b]
Aug 21 13:12:43 kali kernel: ACPI: Reserving SSDT table memory at [mem 0x6fa1b000-0x6fa1b842]
Aug 21 13:12:43 kali kernel: ACPI: Reserving PHAT table memory at [mem 0x6fa1a000-0x6fa1a590]
Aug 21 13:12:43 kali kernel: ACPI: Reserving TPM2 table memory at [mem 0x6fa19000-0x6fa1904b]
Aug 21 13:12:43 kali kernel: ACPI: Reserving WSMT table memory at [mem 0x6fa3a000-0x6fa3a027]
Aug 21 13:12:43 kali kernel: No NUMA configuration found
Aug 21 13:12:43 kali kernel: Faking a node at [mem 0x0000000000000000-0x000000047fbfffff]
Aug 21 13:12:43 kali kernel: NODE_DATA(0) allocated [mem 0x47fbd5500-0x47fbfffff]
Aug 21 13:12:43 kali kernel: Reserving Intel graphics memory at [mem 0x7c800000-0x803fffff]
Aug 21 13:12:43 kali kernel: ACPI: PM-Timer IO Port: 0x1808
Aug 21 13:12:43 kali kernel: ACPI: LAPIC_NMI (acpi_id[0x01] high edge lint[0x1])
Aug 21 13:12:43 kali kernel: ACPI: LAPIC_NMI (acpi_id[0x02] high edge lint[0x1])
Aug 21 13:12:43 kali kernel: ACPI: LAPIC_NMI (acpi_id[0x03] high edge lint[0x1])
Aug 21 13:12:43 kali kernel: ACPI: LAPIC_NMI (acpi_id[0x04] high edge lint[0x1])
Aug 21 13:12:43 kali kernel: ACPI: LAPIC_NMI (acpi_id[0x05] high edge lint[0x1])
Aug 21 13:12:43 kali kernel: ACPI: LAPIC_NMI (acpi_id[0x06] high edge lint[0x1])
Aug 21 13:12:43 kali kernel: ACPI: LAPIC_NMI (acpi_id[0x07] high edge lint[0x1])
Aug 21 13:12:43 kali kernel: ACPI: LAPIC_NMI (acpi_id[0x08] high edge lint[0x1])
Aug 21 13:12:43 kali kernel: ACPI: LAPIC_NMI (acpi_id[0x09] high edge lint[0x1])
Aug 21 13:12:43 kali kernel: ACPI: LAPIC_NMI (acpi_id[0x0a] high edge lint[0x1])
Aug 21 13:12:43 kali kernel: ACPI: LAPIC_NMI (acpi_id[0x0b] high edge lint[0x1])
Aug 21 13:12:43 kali kernel: ACPI: LAPIC_NMI (acpi_id[0x0c] high edge lint[0x1])
Aug 21 13:12:43 kali kernel: ACPI: LAPIC_NMI (acpi_id[0x0d] high edge lint[0x1])
Aug 21 13:12:43 kali kernel: ACPI: LAPIC_NMI (acpi_id[0x0e] high edge lint[0x1])
Aug 21 13:12:43 kali kernel: ACPI: LAPIC_NMI (acpi_id[0x0f] high edge lint[0x1])
Aug 21 13:12:43 kali kernel: ACPI: LAPIC_NMI (acpi_id[0x10] high edge lint[0x1])
Aug 21 13:12:43 kali kernel: ACPI: LAPIC_NMI (acpi_id[0x11] high edge lint[0x1])
Aug 21 13:12:43 kali kernel: ACPI: LAPIC_NMI (acpi_id[0x12] high edge lint[0x1])
Aug 21 13:12:43 kali kernel: ACPI: LAPIC_NMI (acpi_id[0x13] high edge lint[0x1])
Aug 21 13:12:43 kali kernel: ACPI: LAPIC_NMI (acpi_id[0x14] high edge lint[0x1])
Aug 21 13:12:43 kali kernel: ACPI: LAPIC_NMI (acpi_id[0x15] high edge lint[0x1])
Aug 21 13:12:43 kali kernel: ACPI: LAPIC_NMI (acpi_id[0x16] high edge lint[0x1])
Aug 21 13:12:43 kali kernel: ACPI: LAPIC_NMI (acpi_id[0x17] high edge lint[0x1])
Aug 21 13:12:43 kali kernel: ACPI: LAPIC_NMI (acpi_id[0x00] high edge lint[0x1])
Aug 21 13:12:43 kali kernel: IOAPIC[0]: apic_id 2, version 32, address 0xfec00000, GSI 0-119
Aug 21 13:12:43 kali kernel: ACPI: INT_SRC_OVR (bus 0 bus_irq 0 global_irq 2 dfl dfl)
Aug 21 13:12:43 kali kernel: ACPI: INT_SRC_OVR (bus 0 bus_irq 9 global_irq 9 high level)
Aug 21 13:12:43 kali kernel: ACPI: Using ACPI (MADT) for SMP configuration information
Aug 21 13:12:43 kali kernel: ACPI: HPET id: 0x8086a201 base: 0xfed00000
Aug 21 13:12:43 kali kernel: e820: update [mem 0x674d1000-0x674edfff] System RAM ==> device reserved
Aug 21 13:12:43 kali kernel: TSC deadline timer available
Aug 21 13:12:43 kali kernel: CPU topo: Max. logical packages:   1
Aug 21 13:12:43 kali kernel: CPU topo: Max. logical nodes:      1
Aug 21 13:12:43 kali kernel: CPU topo: Num. nodes per package:  1
Aug 21 13:12:43 kali kernel: CPU topo: Max. logical dies:       1
Aug 21 13:12:43 kali kernel: CPU topo: Max. dies per package:   1
Aug 21 13:12:43 kali kernel: CPU topo: Max. threads per core:   2
Aug 21 13:12:43 kali kernel: CPU topo: Num. cores per package:    16
Aug 21 13:12:43 kali kernel: CPU topo: Num. threads per package:  24
Aug 21 13:12:43 kali kernel: CPU topo: Allowing 24 present CPUs plus 0 hotplug CPUs
Aug 21 13:12:43 kali kernel: PM: hibernation: Registered nosave memory: [mem 0x00000000-0x00000fff]
Aug 21 13:12:43 kali kernel: PM: hibernation: Registered nosave memory: [mem 0x0009e000-0x0009efff]
Aug 21 13:12:43 kali kernel: PM: hibernation: Registered nosave memory: [mem 0x000a0000-0x000fffff]
Aug 21 13:12:43 kali kernel: PM: hibernation: Registered nosave memory: [mem 0x674d1000-0x674edfff]
Aug 21 13:12:43 kali kernel: PM: hibernation: Registered nosave memory: [mem 0x6ae01000-0x6ae01fff]
Aug 21 13:12:43 kali kernel: PM: hibernation: Registered nosave memory: [mem 0x6c8cb000-0x72efefff]
Aug 21 13:12:43 kali kernel: PM: hibernation: Registered nosave memory: [mem 0x72f00000-0xffffffff]
Aug 21 13:12:43 kali kernel: [gap 0x80400000-0xfdffffff] available for PCI devices
Aug 21 13:12:43 kali kernel: Booting paravirtualized kernel on bare hardware
Aug 21 13:12:43 kali kernel: clocksource: refined-jiffies: mask: 0xffffffff max_cycles: 0xffffffff, max_idle_ns: 7645519600211568 ns
Aug 21 13:12:43 kali kernel: Zone ranges:
Aug 21 13:12:43 kali kernel:   DMA      [mem 0x0000000000001000-0x0000000000ffffff]
Aug 21 13:12:43 kali kernel:   DMA32    [mem 0x0000000001000000-0x00000000ffffffff]
Aug 21 13:12:43 kali kernel:   Normal   [mem 0x0000000100000000-0x000000047fbfffff]
Aug 21 13:12:43 kali kernel:   Device   empty
Aug 21 13:12:43 kali kernel: Movable zone start for each node
Aug 21 13:12:43 kali kernel: Early memory node ranges
Aug 21 13:12:43 kali kernel:   node   0: [mem 0x0000000000001000-0x000000000009dfff]
Aug 21 13:12:43 kali kernel:   node   0: [mem 0x000000000009f000-0x000000000009ffff]
Aug 21 13:12:43 kali kernel:   node   0: [mem 0x0000000000100000-0x000000006c8cafff]
Aug 21 13:12:43 kali kernel:   node   0: [mem 0x0000000072eff000-0x0000000072efffff]
Aug 21 13:12:43 kali kernel:   node   0: [mem 0x0000000100000000-0x000000047fbfffff]
Aug 21 13:12:43 kali kernel: Initmem setup node 0 [mem 0x0000000000001000-0x000000047fbfffff]
Aug 21 13:12:43 kali kernel: On node 0, zone DMA: 1 pages in unavailable ranges
Aug 21 13:12:43 kali kernel: On node 0, zone DMA: 1 pages in unavailable ranges
Aug 21 13:12:43 kali kernel: On node 0, zone DMA: 96 pages in unavailable ranges
Aug 21 13:12:43 kali kernel: On node 0, zone DMA32: 26164 pages in unavailable ranges
Aug 21 13:12:43 kali kernel: On node 0, zone Normal: 20736 pages in unavailable ranges
Aug 21 13:12:43 kali kernel: On node 0, zone Normal: 1024 pages in unavailable ranges
Aug 21 13:12:43 kali kernel: setup_percpu: NR_CPUS:8192 nr_cpumask_bits:24 nr_cpu_ids:24 nr_node_ids:1
Aug 21 13:12:43 kali kernel: percpu: Embedded 62 pages/cpu s217088 r8192 d28672 u262144
Aug 21 13:12:43 kali kernel: pcpu-alloc: s217088 r8192 d28672 u262144 alloc=1*2097152
Aug 21 13:12:43 kali kernel: pcpu-alloc: [0] 00 01 02 03 04 05 06 07 [0] 08 09 10 11 12 13 14 15 
Aug 21 13:12:43 kali kernel: pcpu-alloc: [0] 16 17 18 19 20 21 22 23 
Aug 21 13:12:43 kali kernel: Kernel command line: BOOT_IMAGE=/boot/vmlinuz-7.0.12+kali-amd64 root=UUID=ba748417-bde3-40af-8f54-01947d49ffa8 ro quiet splash
Aug 21 13:12:43 kali kernel: Unknown kernel command line parameters "splash", will be passed to user space.
Aug 21 13:12:43 kali kernel: printk: log_buf_len individual max cpu contribution: 4096 bytes
Aug 21 13:12:43 kali kernel: printk: log_buf_len total cpu_extra contributions: 94208 bytes
Aug 21 13:12:43 kali kernel: printk: log_buf_len min size: 131072 bytes
Aug 21 13:12:43 kali kernel: printk: log buffer data + meta data: 262144 + 1114112 = 1376256 bytes
Aug 21 13:12:43 kali kernel: printk: early log buf free: 114936(87%)
Aug 21 13:12:43 kali kernel: Dentry cache hash table entries: 2097152 (order: 12, 16777216 bytes, linear)
Aug 21 13:12:43 kali kernel: Inode-cache hash table entries: 1048576 (order: 11, 8388608 bytes, linear)
Aug 21 13:12:43 kali kernel: software IO TLB: area num 32.
Aug 21 13:12:43 kali kernel: Fallback order for Node 0: 0 
Aug 21 13:12:43 kali kernel: Built 1 zonelists, mobility grouping on.  Total pages: 4113514
Aug 21 13:12:43 kali kernel: Policy zone: Normal
Aug 21 13:12:43 kali kernel: mem auto-init: stack:all(zero), heap alloc:on, heap free:off
Aug 21 13:12:43 kali kernel: SLUB: HWalign=64, Order=0-3, MinObjects=0, CPUs=24, Nodes=1
Aug 21 13:12:43 kali kernel: ftrace: allocating 48890 entries in 192 pages
Aug 21 13:12:43 kali kernel: ftrace: allocated 192 pages with 2 groups
Aug 21 13:12:43 kali kernel: Dynamic Preempt: lazy
Aug 21 13:12:43 kali kernel: rcu: Preemptible hierarchical RCU implementation.
Aug 21 13:12:43 kali kernel: rcu:         RCU restricting CPUs from NR_CPUS=8192 to nr_cpu_ids=24.
Aug 21 13:12:43 kali kernel:         Trampoline variant of Tasks RCU enabled.
Aug 21 13:12:43 kali kernel:         Rude variant of Tasks RCU enabled.
Aug 21 13:12:43 kali kernel:         Tracing variant of Tasks RCU enabled.
Aug 21 13:12:43 kali kernel: rcu: RCU calculated value of scheduler-enlistment delay is 25 jiffies.
Aug 21 13:12:43 kali kernel: rcu: Adjusting geometry for rcu_fanout_leaf=16, nr_cpu_ids=24
Aug 21 13:12:43 kali kernel: RCU Tasks: Setting shift to 5 and lim to 1 rcu_task_cb_adjust=1 rcu_task_cpu_ids=24.
Aug 21 13:12:43 kali kernel: RCU Tasks Rude: Setting shift to 5 and lim to 1 rcu_task_cb_adjust=1 rcu_task_cpu_ids=24.
Aug 21 13:12:43 kali kernel: NR_IRQS: 524544, nr_irqs: 2248, preallocated irqs: 16
Aug 21 13:12:43 kali kernel: rcu: srcu_init: Setting srcu_struct sizes based on contention.
Aug 21 13:12:43 kali kernel: Console: colour dummy device 80x25
Aug 21 13:12:43 kali kernel: printk: legacy console [tty0] enabled
Aug 21 13:12:43 kali kernel: ACPI: Core revision 20251212
Aug 21 13:12:43 kali kernel: hpet: HPET dysfunctional in PC10. Force disabled.
Aug 21 13:12:43 kali kernel: APIC: Switch to symmetric I/O mode setup
Aug 21 13:12:43 kali kernel: DMAR: Host address width 39
Aug 21 13:12:43 kali kernel: DMAR: DRHD base: 0x000000fed90000 flags: 0x0
Aug 21 13:12:43 kali kernel: DMAR: dmar0: reg_base_addr fed90000 ver 4:0 cap 1c0000c40660462 ecap 29a00f0505e
Aug 21 13:12:43 kali kernel: DMAR: DRHD base: 0x000000fed91000 flags: 0x1
Aug 21 13:12:43 kali kernel: DMAR: dmar1: reg_base_addr fed91000 ver 5:0 cap d2008c40660462 ecap f050da
Aug 21 13:12:43 kali kernel: DMAR: RMRR base: 0x0000007c000000 end: 0x000000803fffff
Aug 21 13:12:43 kali kernel: DMAR-IR: IOAPIC id 2 under DRHD base  0xfed91000 IOMMU 1
Aug 21 13:12:43 kali kernel: DMAR-IR: HPET id 0 under DRHD base 0xfed91000
Aug 21 13:12:43 kali kernel: DMAR-IR: Queued invalidation will be enabled to support x2apic and Intr-remapping.
Aug 21 13:12:43 kali kernel: DMAR-IR: Enabled IRQ remapping in x2apic mode
Aug 21 13:12:43 kali kernel: x2apic enabled
Aug 21 13:12:43 kali kernel: APIC: Switched APIC routing to: cluster x2apic
Aug 21 13:12:43 kali kernel: clocksource: tsc-early: mask: 0xffffffffffffffff max_cycles: 0x1e71785e5dd, max_idle_ns: 440795244814 ns
Aug 21 13:12:43 kali kernel: Calibrating delay loop (skipped), value calculated using timer frequency.. 4224.00 BogoMIPS (lpj=8448000)
Aug 21 13:12:43 kali kernel: CPU0: Thermal monitoring enabled (TM1)
Aug 21 13:12:43 kali kernel: x86/cpu: User Mode Instruction Prevention (UMIP) activated
Aug 21 13:12:43 kali kernel: CET detected: Indirect Branch Tracking enabled
Aug 21 13:12:43 kali kernel: Last level iTLB entries: 4KB 0, 2MB 0, 4MB 0
Aug 21 13:12:43 kali kernel: Last level dTLB entries: 4KB 0, 2MB 0, 4MB 0, 1GB 0
Aug 21 13:12:43 kali kernel: process: using mwait in idle threads
Aug 21 13:12:43 kali kernel: mitigations: Enabled attack vectors: user_kernel, user_user, guest_host, guest_guest, SMT mitigations: auto
Aug 21 13:12:43 kali kernel: Speculative Store Bypass: Mitigation: Speculative Store Bypass disabled via prctl
Aug 21 13:12:43 kali kernel: Spectre V2 : Mitigation: Enhanced / Automatic IBRS
Aug 21 13:12:43 kali kernel: Register File Data Sampling: Mitigation: Clear Register File
Aug 21 13:12:43 kali kernel: VMSCAPE: Mitigation: IBPB before exit to userspace
Aug 21 13:12:43 kali kernel: Spectre V1 : Mitigation: usercopy/swapgs barriers and __user pointer sanitization
Aug 21 13:12:43 kali kernel: Spectre V2 : Spectre v2 / PBRSB-eIBRS: Retire a single CALL on VMEXIT
Aug 21 13:12:43 kali kernel: Spectre V2 : mitigation: Enabling conditional Indirect Branch Prediction Barrier
Aug 21 13:12:43 kali kernel: x86/fpu: Supporting XSAVE feature 0x001: 'x87 floating point registers'
Aug 21 13:12:43 kali kernel: x86/fpu: Supporting XSAVE feature 0x002: 'SSE registers'
Aug 21 13:12:43 kali kernel: x86/fpu: Supporting XSAVE feature 0x004: 'AVX registers'
Aug 21 13:12:43 kali kernel: x86/fpu: Supporting XSAVE feature 0x200: 'Protection Keys User registers'
Aug 21 13:12:43 kali kernel: x86/fpu: Supporting XSAVE feature 0x800: 'Control-flow User registers'
Aug 21 13:12:43 kali kernel: x86/fpu: Supporting XSAVE feature 0x1000: 'Control-flow Kernel registers (KVM only)'
Aug 21 13:12:43 kali kernel: x86/fpu: xstate_offset[2]:  576, xstate_sizes[2]:  256
Aug 21 13:12:43 kali kernel: x86/fpu: xstate_offset[9]:  832, xstate_sizes[9]:    8
Aug 21 13:12:43 kali kernel: x86/fpu: xstate_offset[11]:  840, xstate_sizes[11]:   16
Aug 21 13:12:43 kali kernel: x86/fpu: xstate_offset[12]:  856, xstate_sizes[12]:   24
Aug 21 13:12:43 kali kernel: x86/fpu: Enabled xstate features 0x1a07, context size is 880 bytes, using 'compacted' format.
Aug 21 13:12:43 kali kernel: Freeing SMP alternatives memory: 44K
Aug 21 13:12:43 kali kernel: pid_max: default: 32768 minimum: 301
Aug 21 13:12:43 kali kernel: landlock: Up and running.
Aug 21 13:12:43 kali kernel: Yama: disabled by default; enable with sysctl kernel.yama.*
Aug 21 13:12:43 kali kernel: AppArmor: AppArmor initialized
Aug 21 13:12:43 kali kernel: TOMOYO Linux initialized
Aug 21 13:12:43 kali kernel: LSM support for eBPF active
Aug 21 13:12:43 kali kernel: Mount-cache hash table entries: 32768 (order: 6, 262144 bytes, linear)
Aug 21 13:12:43 kali kernel: Mountpoint-cache hash table entries: 32768 (order: 6, 262144 bytes, linear)
Aug 21 13:12:43 kali kernel: VFS: Finished mounting rootfs on nullfs
Aug 21 13:12:43 kali kernel: smpboot: CPU0: 13th Gen Intel(R) Core(TM) i7-13700 (family: 0x6, model: 0xb7, stepping: 0x1)
Aug 21 13:12:43 kali kernel: Performance Events: XSAVE Architectural LBR, PEBS fmt4+-baseline,  AnyThread deprecated, Alderlake Hybrid events, 32-deep LBR, full-width counters, Intel PMU driver.
Aug 21 13:12:43 kali kernel: core: cpu_core PMU driver: 
Aug 21 13:12:43 kali kernel: ... version:                   5
Aug 21 13:12:43 kali kernel: ... bit width:                 48
Aug 21 13:12:43 kali kernel: ... generic counters:          8
Aug 21 13:12:43 kali kernel: ... generic bitmap:            00000000000000ff
Aug 21 13:12:43 kali kernel: ... fixed-purpose counters:    4
Aug 21 13:12:43 kali kernel: ... fixed-purpose bitmap:      000000000000000f
Aug 21 13:12:43 kali kernel: ... value mask:                0000ffffffffffff
Aug 21 13:12:43 kali kernel: ... max period:                00007fffffffffff
Aug 21 13:12:43 kali kernel: ... global_ctrl mask:          0001000f000000ff
Aug 21 13:12:43 kali kernel: signal: max sigframe size: 3632
Aug 21 13:12:43 kali kernel: Estimated ratio of average max frequency by base frequency (times 1024): 2486
Aug 21 13:12:43 kali kernel: rcu: Hierarchical SRCU implementation.
Aug 21 13:12:43 kali kernel: rcu:         Max phase no-delay instances is 1000.
Aug 21 13:12:43 kali kernel: Timer migration: 2 hierarchy levels; 8 children per group; 2 crossnode level
Aug 21 13:12:43 kali kernel: NMI watchdog: Enabled. Permanently consumes one hw-PMU counter.
Aug 21 13:12:43 kali kernel: smp: Bringing up secondary CPUs ...
Aug 21 13:12:43 kali kernel: smpboot: x86: Booting SMP configuration:
Aug 21 13:12:43 kali kernel: .... node  #0, CPUs:        #2  #4  #6  #8 #10 #12 #14 #16 #17 #18 #19 #20 #21 #22 #23
Aug 21 13:12:43 kali kernel: core: cpu_atom PMU driver: 
Aug 21 13:12:43 kali kernel: ... version:                   5
Aug 21 13:12:43 kali kernel: ... bit width:                 48
Aug 21 13:12:43 kali kernel: ... generic counters:          6
Aug 21 13:12:43 kali kernel: ... generic bitmap:            000000000000003f
Aug 21 13:12:43 kali kernel: ... fixed-purpose counters:    3
Aug 21 13:12:43 kali kernel: ... fixed-purpose bitmap:      0000000000000007
Aug 21 13:12:43 kali kernel: ... value mask:                0000ffffffffffff
Aug 21 13:12:43 kali kernel: ... max period:                00007fffffffffff
Aug 21 13:12:43 kali kernel: ... global_ctrl mask:          000000070000003f
Aug 21 13:12:43 kali kernel:   #1  #3  #5  #7  #9 #11 #13 #15
Aug 21 13:12:43 kali kernel: smp: Brought up 1 node, 24 CPUs
Aug 21 13:12:43 kali kernel: smpboot: Total of 24 processors activated (101376.00 BogoMIPS)
Aug 21 13:12:43 kali kernel: node 0 deferred pages initialised in 20ms
Aug 21 13:12:43 kali kernel: Memory: 15742468K/16454056K available (18066K kernel code, 3451K rwdata, 13108K rodata, 4496K init, 5352K bss, 689532K reserved, 0K cma-reserved)
Aug 21 13:12:43 kali kernel: devtmpfs: initialized
Aug 21 13:12:43 kali kernel: x86/mm: Memory block size: 128MB
Aug 21 13:12:43 kali kernel: ACPI: PM: Registering ACPI NVS region [mem 0x6faf7000-0x6fc51fff] (1421312 bytes)
Aug 21 13:12:43 kali kernel: clocksource: jiffies: mask: 0xffffffff max_cycles: 0xffffffff, max_idle_ns: 7645041785100000 ns
Aug 21 13:12:43 kali kernel: posixtimers hash table entries: 16384 (order: 6, 262144 bytes, linear)
Aug 21 13:12:43 kali kernel: futex hash table entries: 8192 (524288 bytes on 1 NUMA nodes, total 512 KiB, linear).
Aug 21 13:12:43 kali kernel: NET: Registered PF_NETLINK/PF_ROUTE protocol family
Aug 21 13:12:43 kali kernel: DMA: preallocated 2048 KiB GFP_KERNEL pool for atomic allocations
Aug 21 13:12:43 kali kernel: DMA: preallocated 2048 KiB GFP_KERNEL|GFP_DMA pool for atomic allocations
Aug 21 13:12:43 kali kernel: DMA: preallocated 2048 KiB GFP_KERNEL|GFP_DMA32 pool for atomic allocations
Aug 21 13:12:43 kali kernel: audit: initializing netlink subsys (disabled)
Aug 21 13:12:43 kali kernel: audit: type=2000 audit(1787317960.000:1): state=initialized audit_enabled=0 res=1
Aug 21 13:12:43 kali kernel: thermal_sys: Registered thermal governor 'fair_share'
Aug 21 13:12:43 kali kernel: thermal_sys: Registered thermal governor 'bang_bang'
Aug 21 13:12:43 kali kernel: thermal_sys: Registered thermal governor 'step_wise'
Aug 21 13:12:43 kali kernel: thermal_sys: Registered thermal governor 'user_space'
Aug 21 13:12:43 kali kernel: thermal_sys: Registered thermal governor 'power_allocator'
Aug 21 13:12:43 kali kernel: cpuidle: using governor ladder
Aug 21 13:12:43 kali kernel: cpuidle: using governor menu
Aug 21 13:12:43 kali kernel: efi: Freeing EFI boot services memory: 70912K
Aug 21 13:12:43 kali kernel: ACPI FADT declares the system doesn't support PCIe ASPM, so disable it
Aug 21 13:12:43 kali kernel: acpiphp: ACPI Hot Plug PCI Controller Driver version: 0.5
Aug 21 13:12:43 kali kernel: PCI: ECAM [mem 0xc0000000-0xce0fffff] (base 0xc0000000) for domain 0000 [bus 00-e0]
Aug 21 13:12:43 kali kernel: PCI: Using configuration type 1 for base access
Aug 21 13:12:43 kali kernel: kprobes: kprobe jump-optimization is enabled. All kprobes are optimized if possible.
Aug 21 13:12:43 kali kernel: HugeTLB: registered 1.00 GiB page size, pre-allocated 0 pages
Aug 21 13:12:43 kali kernel: HugeTLB: 16380 KiB vmemmap can be freed for a 1.00 GiB page
Aug 21 13:12:43 kali kernel: HugeTLB: registered 2.00 MiB page size, pre-allocated 0 pages
Aug 21 13:12:43 kali kernel: HugeTLB: 28 KiB vmemmap can be freed for a 2.00 MiB page
Aug 21 13:12:43 kali kernel: ACPI: Added _OSI(Module Device)
Aug 21 13:12:43 kali kernel: ACPI: Added _OSI(Processor Device)
Aug 21 13:12:43 kali kernel: ACPI: Added _OSI(Processor Aggregator Device)
Aug 21 13:12:43 kali kernel: ACPI: 15 ACPI AML tables successfully acquired and loaded
Aug 21 13:12:43 kali kernel: ACPI: \_SB_: platform _OSC: OS support mask [002e7eff]
Aug 21 13:12:43 kali kernel: ACPI: \_SB_: platform _OSC: OS control mask [002a7eff]
Aug 21 13:12:43 kali kernel: ACPI: Dynamic OEM Table Load:
Aug 21 13:12:43 kali kernel: ACPI: SSDT 0xFFFF8AC941AAB800 000394 (v02 PmRef  Cpu0Cst  00003001 INTL 20200717)
Aug 21 13:12:43 kali kernel: ACPI: Dynamic OEM Table Load:
Aug 21 13:12:43 kali kernel: ACPI: SSDT 0xFFFF8AC941A63800 0004BB (v02 PmRef  Cpu0Ist  00003000 INTL 20200717)
Aug 21 13:12:43 kali kernel: ACPI: Dynamic OEM Table Load:
Aug 21 13:12:43 kali kernel: ACPI: SSDT 0xFFFF8AC9420B7000 0001AB (v02 PmRef  Cpu0Psd  00003000 INTL 20200717)
Aug 21 13:12:43 kali kernel: ACPI: Dynamic OEM Table Load:
Aug 21 13:12:43 kali kernel: ACPI: SSDT 0xFFFF8AC941A61800 0004B5 (v02 PmRef  Cpu0Hwp  00003000 INTL 20200717)
Aug 21 13:12:43 kali kernel: ACPI: Dynamic OEM Table Load:
Aug 21 13:12:43 kali kernel: ACPI: SSDT 0xFFFF8AC941BEE000 001BAF (v02 PmRef  ApIst    00003000 INTL 20200717)
Aug 21 13:12:43 kali kernel: ACPI: Dynamic OEM Table Load:
Aug 21 13:12:43 kali kernel: ACPI: SSDT 0xFFFF8AC941BEA000 001038 (v02 PmRef  ApHwp    00003000 INTL 20200717)
Aug 21 13:12:43 kali kernel: ACPI: Dynamic OEM Table Load:
Aug 21 13:12:43 kali kernel: ACPI: SSDT 0xFFFF8AC941BEC000 001349 (v02 PmRef  ApPsd    00003000 INTL 20200717)
Aug 21 13:12:43 kali kernel: ACPI: Dynamic OEM Table Load:
Aug 21 13:12:43 kali kernel: ACPI: SSDT 0xFFFF8AC942943000 000FBB (v02 PmRef  ApCst    00003000 INTL 20200717)
Aug 21 13:12:43 kali kernel: ACPI: EC: EC started
Aug 21 13:12:43 kali kernel: ACPI: EC: interrupt blocked
Aug 21 13:12:43 kali kernel: ACPI: EC: EC_CMD/EC_SC=0x66, EC_DATA=0x62
Aug 21 13:12:43 kali kernel: ACPI: \_SB_.PC00.LPCB.EC0_: Boot DSDT EC used to handle transactions
Aug 21 13:12:43 kali kernel: ACPI: Interpreter enabled
Aug 21 13:12:43 kali kernel: ACPI: PM: (supports S0 S3 S4 S5)
Aug 21 13:12:43 kali kernel: ACPI: Using IOAPIC for interrupt routing
Aug 21 13:12:43 kali kernel: PCI: Using host bridge windows from ACPI; if necessary, use "pci=nocrs" and report a bug
Aug 21 13:12:43 kali kernel: PCI: Ignoring E820 reservations for host bridge windows
Aug 21 13:12:43 kali kernel: ACPI: Enabled 7 GPEs in block 00 to 7F
Aug 21 13:12:43 kali kernel: ACPI: \_SB_.PC00.PEG1.PXP_: New power resource
Aug 21 13:12:43 kali kernel: ACPI: \_SB_.PC00.PEG0.PXP_: New power resource
Aug 21 13:12:43 kali kernel: ACPI: \_SB_.PC00.RP13.PXP_: New power resource
Aug 21 13:12:43 kali kernel: ACPI: \_SB_.PC00.RP01.PXP_: New power resource
Aug 21 13:12:43 kali kernel: ACPI: \_SB_.PC00.RP05.PXP_: New power resource
Aug 21 13:12:43 kali kernel: ACPI: \_SB_.PC00.RP21.PXP_: New power resource
Aug 21 13:12:43 kali kernel: ACPI: \_SB_.PC00.RP25.PXP_: New power resource
Aug 21 13:12:43 kali kernel: ACPI: \_SB_.PC00.PAUD: New power resource
Aug 21 13:12:43 kali kernel: ACPI: \_SB_.PC00.I2C1.PXTC: New power resource
Aug 21 13:12:43 kali kernel: ACPI: \_SB_.PC00.CNVW.WRST: New power resource
Aug 21 13:12:43 kali kernel: ACPI: \_TZ_.FN00: New power resource
Aug 21 13:12:43 kali kernel: ACPI: \_TZ_.FN01: New power resource
Aug 21 13:12:43 kali kernel: ACPI: \_TZ_.FN02: New power resource
Aug 21 13:12:43 kali kernel: ACPI: \_TZ_.FN03: New power resource
Aug 21 13:12:43 kali kernel: ACPI: \_TZ_.FN04: New power resource
Aug 21 13:12:43 kali kernel: ACPI: \PIN_: New power resource
Aug 21 13:12:43 kali kernel: ACPI: \SPR4: New power resource
Aug 21 13:12:43 kali kernel: ACPI: \SPR6: New power resource
Aug 21 13:12:43 kali kernel: ACPI: PCI Root Bridge [PC00] (domain 0000 [bus 00-e0])
Aug 21 13:12:43 kali kernel: acpi PNP0A08:00: _OSC: OS supports [ExtendedConfig ASPM ClockPM Segments MSI HPX-Type3]
Aug 21 13:12:43 kali kernel: acpi PNP0A08:00: _OSC: OS now controls [PCIeHotplug SHPCHotplug PME AER PCIeCapability LTR]
Aug 21 13:12:43 kali kernel: acpi PNP0A08:00: FADT indicates ASPM is unsupported, using BIOS configuration
Aug 21 13:12:43 kali kernel: PCI host bridge to bus 0000:00
Aug 21 13:12:43 kali kernel: pci_bus 0000:00: root bus resource [io  0x0000-0x0cf7 window]
Aug 21 13:12:43 kali kernel: pci_bus 0000:00: root bus resource [io  0x0d00-0xffff window]
Aug 21 13:12:43 kali kernel: pci_bus 0000:00: root bus resource [mem 0x000a0000-0x000bffff window]
Aug 21 13:12:43 kali kernel: pci_bus 0000:00: root bus resource [mem 0x000e0000-0x000effff window]
Aug 21 13:12:43 kali kernel: pci_bus 0000:00: root bus resource [mem 0x80400000-0xbfffffff window]
Aug 21 13:12:43 kali kernel: pci_bus 0000:00: root bus resource [mem 0x4000000000-0x7fffffffff window]
Aug 21 13:12:43 kali kernel: pci_bus 0000:00: root bus resource [bus 00-e0]
Aug 21 13:12:43 kali kernel: pci 0000:00:00.0: [8086:a703] type 00 class 0x060000 conventional PCI endpoint
Aug 21 13:12:43 kali kernel: pci 0000:00:02.0: [8086:a780] type 00 class 0x030000 PCIe Root Complex Integrated Endpoint
Aug 21 13:12:43 kali kernel: pci 0000:00:02.0: BAR 0 [mem 0x6002000000-0x6002ffffff 64bit]
Aug 21 13:12:43 kali kernel: pci 0000:00:02.0: BAR 2 [mem 0x4000000000-0x400fffffff 64bit pref]
Aug 21 13:12:43 kali kernel: pci 0000:00:02.0: BAR 4 [io  0x4000-0x403f]
Aug 21 13:12:43 kali kernel: pci 0000:00:02.0: DMAR: Skip IOMMU disabling for graphics
Aug 21 13:12:43 kali kernel: pci 0000:00:02.0: Video device with shadowed ROM at [mem 0x000c0000-0x000dffff]
Aug 21 13:12:43 kali kernel: pci 0000:00:02.0: VF BAR 0 [mem 0x00000000-0x00ffffff 64bit]
Aug 21 13:12:43 kali kernel: pci 0000:00:02.0: VF BAR 0 [mem 0x00000000-0x06ffffff 64bit]: contains BAR 0 for 7 VFs
Aug 21 13:12:43 kali kernel: pci 0000:00:02.0: VF BAR 2 [mem 0x00000000-0x1fffffff 64bit pref]
Aug 21 13:12:43 kali kernel: pci 0000:00:02.0: VF BAR 2 [mem 0x00000000-0xdfffffff 64bit pref]: contains BAR 2 for 7 VFs
Aug 21 13:12:43 kali kernel: pci 0000:00:08.0: [8086:a74f] type 00 class 0x088000 conventional PCI endpoint
Aug 21 13:12:43 kali kernel: pci 0000:00:08.0: BAR 0 [mem 0x600322c000-0x600322cfff 64bit]
Aug 21 13:12:43 kali kernel: pci 0000:00:0a.0: [8086:a77d] type 00 class 0x118000 PCIe Root Complex Integrated Endpoint
Aug 21 13:12:43 kali kernel: pci 0000:00:0a.0: BAR 0 [mem 0x6003210000-0x6003217fff 64bit]
Aug 21 13:12:43 kali kernel: pci 0000:00:0a.0: enabling Extended Tags
Aug 21 13:12:43 kali kernel: pci 0000:00:0e.0: [8086:a77f] type 00 class 0x010400 PCIe Root Complex Integrated Endpoint
Aug 21 13:12:43 kali kernel: pci 0000:00:0e.0: BAR 0 [mem 0x6000000000-0x6001ffffff 64bit]
Aug 21 13:12:43 kali kernel: pci 0000:00:0e.0: BAR 2 [mem 0x82000000-0x83ffffff]
Aug 21 13:12:43 kali kernel: pci 0000:00:0e.0: BAR 4 [mem 0x6003100000-0x60031fffff 64bit]
Aug 21 13:12:43 kali kernel: pci 0000:00:14.0: [8086:7a60] type 00 class 0x0c0330 conventional PCI endpoint
Aug 21 13:12:43 kali kernel: pci 0000:00:14.0: BAR 0 [mem 0x6003200000-0x600320ffff 64bit]
Aug 21 13:12:43 kali kernel: pci 0000:00:14.0: PME# supported from D3hot D3cold
Aug 21 13:12:43 kali kernel: pci 0000:00:14.2: [8086:7a27] type 00 class 0x050000 conventional PCI endpoint
Aug 21 13:12:43 kali kernel: pci 0000:00:14.2: BAR 0 [mem 0x6003224000-0x6003227fff 64bit]
Aug 21 13:12:43 kali kernel: pci 0000:00:14.2: BAR 2 [mem 0x600322b000-0x600322bfff 64bit]
Aug 21 13:12:43 kali kernel: pci 0000:00:15.0: [8086:7a4c] type 00 class 0x0c8000 conventional PCI endpoint
Aug 21 13:12:43 kali kernel: pci 0000:00:15.0: BAR 0 [mem 0x00000000-0x00000fff 64bit]
Aug 21 13:12:43 kali kernel: pci 0000:00:16.0: [8086:7a68] type 00 class 0x078000 conventional PCI endpoint
Aug 21 13:12:43 kali kernel: pci 0000:00:16.0: BAR 0 [mem 0x6003229000-0x6003229fff 64bit]
Aug 21 13:12:43 kali kernel: pci 0000:00:16.0: PME# supported from D3hot
Aug 21 13:12:43 kali kernel: pci 0000:00:17.0: [8086:09ab] type 00 class 0x088000 conventional PCI endpoint
Aug 21 13:12:43 kali kernel: pci 0000:00:1c.0: [8086:7a3e] type 01 class 0x060400 PCIe Root Port
Aug 21 13:12:43 kali kernel: pci 0000:00:1c.0: PCI bridge to [bus 01]
Aug 21 13:12:43 kali kernel: pci 0000:00:1c.0:   bridge window [io  0x3000-0x3fff]
Aug 21 13:12:43 kali kernel: pci 0000:00:1c.0:   bridge window [mem 0x84000000-0x840fffff]
Aug 21 13:12:43 kali kernel: pci 0000:00:1c.0: PME# supported from D0 D3hot D3cold
Aug 21 13:12:43 kali kernel: pci 0000:00:1c.0: PTM enabled (root), 4ns granularity
Aug 21 13:12:43 kali kernel: pci 0000:00:1f.0: [8086:7a05] type 00 class 0x060100 conventional PCI endpoint
Aug 21 13:12:43 kali kernel: pci 0000:00:1f.3: [8086:7a50] type 00 class 0x040300 conventional PCI endpoint
Aug 21 13:12:43 kali kernel: pci 0000:00:1f.3: BAR 0 [mem 0x6003220000-0x6003223fff 64bit]
Aug 21 13:12:43 kali kernel: pci 0000:00:1f.3: BAR 4 [mem 0x6003000000-0x60030fffff 64bit]
Aug 21 13:12:43 kali kernel: pci 0000:00:1f.3: PME# supported from D3hot D3cold
Aug 21 13:12:43 kali kernel: pci 0000:00:1f.4: [8086:7a23] type 00 class 0x0c0500 conventional PCI endpoint
Aug 21 13:12:43 kali kernel: pci 0000:00:1f.4: BAR 0 [mem 0x6003228000-0x60032280ff 64bit]
Aug 21 13:12:43 kali kernel: pci 0000:00:1f.4: BAR 4 [io  0xefa0-0xefbf]
Aug 21 13:12:43 kali kernel: pci 0000:00:1f.5: [8086:7a24] type 00 class 0x0c8000 conventional PCI endpoint
Aug 21 13:12:43 kali kernel: pci 0000:00:1f.5: BAR 0 [mem 0xfe010000-0xfe010fff]
Aug 21 13:12:43 kali kernel: pci 0000:01:00.0: [10ec:8168] type 00 class 0x020000 PCIe Endpoint
Aug 21 13:12:43 kali kernel: pci 0000:01:00.0: BAR 0 [io  0x3000-0x30ff]
Aug 21 13:12:43 kali kernel: pci 0000:01:00.0: BAR 2 [mem 0x84004000-0x84004fff 64bit]
Aug 21 13:12:43 kali kernel: pci 0000:01:00.0: BAR 4 [mem 0x84000000-0x84003fff 64bit]
Aug 21 13:12:43 kali kernel: pci 0000:01:00.0: supports D1 D2
Aug 21 13:12:43 kali kernel: pci 0000:01:00.0: PME# supported from D0 D1 D2 D3hot D3cold
Aug 21 13:12:43 kali kernel: pci 0000:00:1c.0: PCI bridge to [bus 01]
Aug 21 13:12:43 kali kernel: ACPI: PCI: Interrupt link LNKA configured for IRQ 0
Aug 21 13:12:43 kali kernel: ACPI: PCI: Interrupt link LNKB configured for IRQ 1
Aug 21 13:12:43 kali kernel: ACPI: PCI: Interrupt link LNKC configured for IRQ 0
Aug 21 13:12:43 kali kernel: ACPI: PCI: Interrupt link LNKD configured for IRQ 0
Aug 21 13:12:43 kali kernel: ACPI: PCI: Interrupt link LNKE configured for IRQ 0
Aug 21 13:12:43 kali kernel: ACPI: PCI: Interrupt link LNKF configured for IRQ 0
Aug 21 13:12:43 kali kernel: ACPI: PCI: Interrupt link LNKG configured for IRQ 0
Aug 21 13:12:43 kali kernel: ACPI: PCI: Interrupt link LNKH configured for IRQ 0
Aug 21 13:12:43 kali kernel: ACPI: EC: interrupt unblocked
Aug 21 13:12:43 kali kernel: ACPI: EC: event unblocked
Aug 21 13:12:43 kali kernel: ACPI: EC: EC_CMD/EC_SC=0x66, EC_DATA=0x62
Aug 21 13:12:43 kali kernel: ACPI: EC: GPE=0x6e
Aug 21 13:12:43 kali kernel: ACPI: \_SB_.PC00.LPCB.EC0_: Boot DSDT EC initialization complete
Aug 21 13:12:43 kali kernel: ACPI: \_SB_.PC00.LPCB.EC0_: EC: Used to handle transactions and events
Aug 21 13:12:43 kali kernel: iommu: Default domain type: Translated
Aug 21 13:12:43 kali kernel: iommu: DMA domain TLB invalidation policy: lazy mode
Aug 21 13:12:43 kali kernel: pps_core: LinuxPPS API ver. 1 registered
Aug 21 13:12:43 kali kernel: pps_core: Software ver. 5.3.6 - Copyright 2005-2007 Rodolfo Giometti <giometti@linux.it>
Aug 21 13:12:43 kali kernel: PTP clock support registered
Aug 21 13:12:43 kali kernel: EDAC MC: Ver: 3.0.0
Aug 21 13:12:43 kali kernel: efivars: Registered efivars operations
Aug 21 13:12:43 kali kernel: NetLabel: Initializing
Aug 21 13:12:43 kali kernel: NetLabel:  domain hash size = 128
Aug 21 13:12:43 kali kernel: NetLabel:  protocols = UNLABELED CIPSOv4 CALIPSO
Aug 21 13:12:43 kali kernel: NetLabel:  unlabeled traffic allowed by default
Aug 21 13:12:43 kali kernel: PCI: Using ACPI for IRQ routing
Aug 21 13:12:43 kali kernel: PCI: pci_cache_line_size set to 64 bytes
Aug 21 13:12:43 kali kernel: pci 0000:00:1f.5: BAR 0 [mem 0xfe010000-0xfe010fff]: can't claim; no compatible bridge window
Aug 21 13:12:43 kali kernel: e820: register RAM buffer resource [mem 0x0009e000-0x0009ffff]
Aug 21 13:12:43 kali kernel: e820: register RAM buffer resource [mem 0x674d1000-0x67ffffff]
Aug 21 13:12:43 kali kernel: e820: register RAM buffer resource [mem 0x6ae01000-0x6bffffff]
Aug 21 13:12:43 kali kernel: e820: register RAM buffer resource [mem 0x6c8cb000-0x6fffffff]
Aug 21 13:12:43 kali kernel: e820: register RAM buffer resource [mem 0x72f00000-0x73ffffff]
Aug 21 13:12:43 kali kernel: e820: register RAM buffer resource [mem 0x47fc00000-0x47fffffff]
Aug 21 13:12:43 kali kernel: pci 0000:00:02.0: vgaarb: setting as boot VGA device
Aug 21 13:12:43 kali kernel: pci 0000:00:02.0: vgaarb: bridge control possible
Aug 21 13:12:43 kali kernel: pci 0000:00:02.0: vgaarb: VGA device added: decodes=io+mem,owns=io+mem,locks=none
Aug 21 13:12:43 kali kernel: vgaarb: loaded
Aug 21 13:12:43 kali kernel: Monitor-Mwait will be used to enter C-1 state
Aug 21 13:12:43 kali kernel: Monitor-Mwait will be used to enter C-2 state
Aug 21 13:12:43 kali kernel: Monitor-Mwait will be used to enter C-3 state
Aug 21 13:12:43 kali kernel: clocksource: Switched to clocksource tsc-early
Aug 21 13:12:43 kali kernel: VFS: Disk quotas dquot_6.6.0
Aug 21 13:12:43 kali kernel: VFS: Dquot-cache hash table entries: 512 (order 0, 4096 bytes)
Aug 21 13:12:43 kali kernel: AppArmor: AppArmor Filesystem Enabled
Aug 21 13:12:43 kali kernel: acpi PNP0C02:00: Reserved [io  0x0a00-0x0a0f]
Aug 21 13:12:43 kali kernel: acpi PNP0C02:00: Reserved [io  0x0a10-0x0a1f]
Aug 21 13:12:43 kali kernel: acpi PNP0C02:00: Reserved [io  0x0a20-0x0a2f]
Aug 21 13:12:43 kali kernel: acpi PNP0C02:00: Reserved [io  0x0a30-0x0a3f]
Aug 21 13:12:43 kali kernel: acpi PNP0C02:00: Reserved [io  0x0a40-0x0a4f]
Aug 21 13:12:43 kali kernel: acpi PNP0C02:00: Reserved [io  0x0a50-0x0a5f]
Aug 21 13:12:43 kali kernel: acpi PNP0C02:00: Reserved [io  0x0a60-0x0a6f]
Aug 21 13:12:43 kali kernel: acpi PNP0C02:00: Reserved [io  0x0a70-0x0a7f]
Aug 21 13:12:43 kali kernel: acpi PNP0C02:00: Reserved [io  0x0a80-0x0a8f]
Aug 21 13:12:43 kali kernel: acpi PNP0C02:00: Reserved [io  0x0a90-0x0b8e]
Aug 21 13:12:43 kali kernel: acpi PNP0C02:00: Reserved [io  0x0aa0-0x0aaf]
Aug 21 13:12:43 kali kernel: acpi PNP0C02:00: Reserved [io  0x0ab0-0x0abf]
Aug 21 13:12:43 kali kernel: acpi PNP0C02:00: Reserved [io  0x0ac0-0x0acf]
Aug 21 13:12:43 kali kernel: acpi PNP0C02:00: Reserved [io  0x0ad0-0x0adf]
Aug 21 13:12:43 kali kernel: acpi PNP0C02:01: Skipped [io  0x002e-0x002f]
Aug 21 13:12:43 kali kernel: acpi PNP0C02:01: Skipped [io  0x004e-0x004f]
Aug 21 13:12:43 kali kernel: acpi PNP0C02:01: Skipped [io  0x0061]
Aug 21 13:12:43 kali kernel: acpi PNP0C02:01: Skipped [io  0x0063]
Aug 21 13:12:43 kali kernel: acpi PNP0C02:01: Skipped [io  0x0065]
Aug 21 13:12:43 kali kernel: acpi PNP0C02:01: Skipped [io  0x0067]
Aug 21 13:12:43 kali kernel: acpi PNP0C02:01: Skipped [io  0x0070]
Aug 21 13:12:43 kali kernel: acpi PNP0C02:01: Skipped [io  0x0080]
Aug 21 13:12:43 kali kernel: acpi PNP0C02:01: Skipped [io  0x0092]
Aug 21 13:12:43 kali kernel: acpi PNP0C02:01: Skipped [io  0x00b2-0x00b3]
Aug 21 13:12:43 kali kernel: acpi PNP0C02:01: Reserved [io  0x0680-0x069f]
Aug 21 13:12:43 kali kernel: acpi PNP0C02:01: Reserved [io  0x164e-0x164f]
Aug 21 13:12:43 kali kernel: acpi PNP0C02:02: Reserved [mem 0xfedc0000-0xfedc7fff]
Aug 21 13:12:43 kali kernel: acpi PNP0C02:02: Reserved [mem 0xfeda0000-0xfeda0fff]
Aug 21 13:12:43 kali kernel: acpi PNP0C02:02: Reserved [mem 0xfeda1000-0xfeda1fff]
Aug 21 13:12:43 kali kernel: acpi PNP0C02:02: Reserved [mem 0xc0000000-0xcfffffff]
Aug 21 13:12:43 kali kernel: acpi PNP0C02:02: Could not reserve [mem 0xfed20000-0xfed7ffff]
Aug 21 13:12:43 kali kernel: acpi PNP0C02:02: Could not reserve [mem 0xfed90000-0xfed93fff]
Aug 21 13:12:43 kali kernel: acpi PNP0C02:02: Could not reserve [mem 0xfed45000-0xfed8ffff]
Aug 21 13:12:43 kali kernel: acpi PNP0C02:02: Could not reserve [mem 0xfee00000-0xfeefffff]
Aug 21 13:12:43 kali kernel: acpi PNP0C02:03: Could not reserve [mem 0xfe000000-0xfe01ffff]
Aug 21 13:12:43 kali kernel: acpi PNP0C02:03: Reserved [mem 0xfe04c000-0xfe04ffff]
Aug 21 13:12:43 kali kernel: acpi PNP0C02:03: Reserved [mem 0xfe050000-0xfe0affff]
Aug 21 13:12:43 kali kernel: acpi PNP0C02:03: Reserved [mem 0xfe0d0000-0xfe0fffff]
Aug 21 13:12:43 kali kernel: acpi PNP0C02:03: Reserved [mem 0xfe200000-0xfe7fffff]
Aug 21 13:12:43 kali kernel: acpi PNP0C02:03: Reserved [mem 0xff000000-0xffffffff]
Aug 21 13:12:43 kali kernel: acpi PNP0C02:03: Could not reserve [io  0x1800-0x18fe]
Aug 21 13:12:43 kali kernel: acpi PNP0C02:03: Reserved [mem 0xe0000000-0xe068ffff]
Aug 21 13:12:43 kali kernel: acpi PNP0C02:03: Reserved [mem 0xe06c0000-0xe06cffff]
Aug 21 13:12:43 kali kernel: acpi PNP0C02:03: Reserved [mem 0xe06f0000-0xefffffff]
Aug 21 13:12:43 kali kernel: acpi PNP0C02:04: Reserved [io  0x2000-0x20fe]
Aug 21 13:12:43 kali kernel: pnp: PnP ACPI init
Aug 21 13:12:43 kali kernel: pnp 00:00: [dma 0 disabled]
Aug 21 13:12:43 kali kernel: pnp: PnP ACPI: found 1 devices
Aug 21 13:12:43 kali kernel: clocksource: acpi_pm: mask: 0xffffff max_cycles: 0xffffff, max_idle_ns: 2085701024 ns
Aug 21 13:12:43 kali kernel: NET: Registered PF_INET protocol family
Aug 21 13:12:43 kali kernel: IP idents hash table entries: 262144 (order: 9, 2097152 bytes, linear)
Aug 21 13:12:43 kali kernel: tcp_listen_portaddr_hash hash table entries: 8192 (order: 5, 131072 bytes, linear)
Aug 21 13:12:43 kali kernel: Table-perturb hash table entries: 65536 (order: 6, 262144 bytes, linear)
Aug 21 13:12:43 kali kernel: TCP established hash table entries: 131072 (order: 8, 1048576 bytes, linear)
Aug 21 13:12:43 kali kernel: TCP bind hash table entries: 65536 (order: 9, 2097152 bytes, linear)
Aug 21 13:12:43 kali kernel: TCP: Hash tables configured (established 131072 bind 65536)
Aug 21 13:12:43 kali kernel: MPTCP token hash table entries: 16384 (order: 7, 393216 bytes, linear)
Aug 21 13:12:43 kali kernel: UDP hash table entries: 8192 (order: 7, 524288 bytes, linear)
Aug 21 13:12:43 kali kernel: UDP-Lite hash table entries: 8192 (order: 7, 524288 bytes, linear)
Aug 21 13:12:43 kali kernel: NET: Registered PF_UNIX/PF_LOCAL protocol family
Aug 21 13:12:43 kali kernel: NET: Registered PF_XDP protocol family
Aug 21 13:12:43 kali kernel: pci_bus 0000:00: max bus depth: 1 pci_try_num: 2
Aug 21 13:12:43 kali kernel: pci 0000:00:02.0: VF BAR 2 [mem 0x4020000000-0x40ffffffff 64bit pref]: assigned
Aug 21 13:12:43 kali kernel: pci 0000:00:02.0: VF BAR 0 [mem 0x4010000000-0x4016ffffff 64bit]: assigned
Aug 21 13:12:43 kali kernel: pci 0000:00:15.0: BAR 0 [mem 0x4017000000-0x4017000fff 64bit]: assigned
Aug 21 13:12:43 kali kernel: pci 0000:00:1f.5: BAR 0 [mem 0x80400000-0x80400fff]: assigned
Aug 21 13:12:43 kali kernel: pci 0000:00:1c.0: PCI bridge to [bus 01]
Aug 21 13:12:43 kali kernel: pci 0000:00:1c.0:   bridge window [io  0x3000-0x3fff]
Aug 21 13:12:43 kali kernel: pci 0000:00:1c.0:   bridge window [mem 0x84000000-0x840fffff]
Aug 21 13:12:43 kali kernel: pci_bus 0000:00: resource 4 [io  0x0000-0x0cf7 window]
Aug 21 13:12:43 kali kernel: pci_bus 0000:00: resource 5 [io  0x0d00-0xffff window]
Aug 21 13:12:43 kali kernel: pci_bus 0000:00: resource 6 [mem 0x000a0000-0x000bffff window]
Aug 21 13:12:43 kali kernel: pci_bus 0000:00: resource 7 [mem 0x000e0000-0x000effff window]
Aug 21 13:12:43 kali kernel: pci_bus 0000:00: resource 8 [mem 0x80400000-0xbfffffff window]
Aug 21 13:12:43 kali kernel: pci_bus 0000:00: resource 9 [mem 0x4000000000-0x7fffffffff window]
Aug 21 13:12:43 kali kernel: pci_bus 0000:01: resource 0 [io  0x3000-0x3fff]
Aug 21 13:12:43 kali kernel: pci_bus 0000:01: resource 1 [mem 0x84000000-0x840fffff]
Aug 21 13:12:43 kali kernel: PCI: CLS 64 bytes, default 64
Aug 21 13:12:43 kali kernel: DMAR: No ATSR found
Aug 21 13:12:43 kali kernel: DMAR: No SATC found
Aug 21 13:12:43 kali kernel: DMAR: dmar0: Using Queued invalidation
Aug 21 13:12:43 kali kernel: DMAR: dmar1: Using Queued invalidation
Aug 21 13:12:43 kali kernel: Trying to unpack rootfs image as initramfs...
Aug 21 13:12:43 kali kernel: pci 0000:00:02.0: Adding to iommu group 0
Aug 21 13:12:43 kali kernel: pci 0000:00:00.0: Adding to iommu group 1
Aug 21 13:12:43 kali kernel: pci 0000:00:08.0: Adding to iommu group 2
Aug 21 13:12:43 kali kernel: pci 0000:00:0a.0: Adding to iommu group 3
Aug 21 13:12:43 kali kernel: pci 0000:00:0e.0: Adding to iommu group 4
Aug 21 13:12:43 kali kernel: pci 0000:00:14.0: Adding to iommu group 5
Aug 21 13:12:43 kali kernel: pci 0000:00:14.2: Adding to iommu group 5
Aug 21 13:12:43 kali kernel: pci 0000:00:15.0: Adding to iommu group 6
Aug 21 13:12:43 kali kernel: pci 0000:00:16.0: Adding to iommu group 7
Aug 21 13:12:43 kali kernel: pci 0000:00:17.0: Adding to iommu group 8
Aug 21 13:12:43 kali kernel: pci 0000:00:1c.0: Adding to iommu group 9
Aug 21 13:12:43 kali kernel: pci 0000:00:1f.0: Adding to iommu group 10
Aug 21 13:12:43 kali kernel: pci 0000:00:1f.3: Adding to iommu group 10
Aug 21 13:12:43 kali kernel: pci 0000:00:1f.4: Adding to iommu group 10
Aug 21 13:12:43 kali kernel: pci 0000:00:1f.5: Adding to iommu group 10
Aug 21 13:12:43 kali kernel: pci 0000:01:00.0: Adding to iommu group 11
Aug 21 13:12:43 kali kernel: DMAR: Intel(R) Virtualization Technology for Directed I/O
Aug 21 13:12:43 kali kernel: PCI-DMA: Using software bounce buffering for IO (SWIOTLB)
Aug 21 13:12:43 kali kernel: software IO TLB: mapped [mem 0x0000000062f16000-0x0000000066f16000] (64MB)
Aug 21 13:12:43 kali kernel: clocksource: tsc: mask: 0xffffffffffffffff max_cycles: 0x1e71785e5dd, max_idle_ns: 440795244814 ns
Aug 21 13:12:43 kali kernel: clocksource: Switched to clocksource tsc
Aug 21 13:12:43 kali kernel: platform rtc_cmos: registered platform RTC device (no PNP device found)
Aug 21 13:12:43 kali kernel: Initialise system trusted keyrings
Aug 21 13:12:43 kali kernel: Key type blacklist registered
Aug 21 13:12:43 kali kernel: workingset: timestamp_bits=36 max_order=22 bucket_order=0
Aug 21 13:12:43 kali kernel: fuse: init (API version 7.45)
Aug 21 13:12:43 kali kernel: integrity: Platform Keyring initialized
Aug 21 13:12:43 kali kernel: integrity: Machine keyring initialized
Aug 21 13:12:43 kali kernel: Key type asymmetric registered
Aug 21 13:12:43 kali kernel: Asymmetric key parser 'x509' registered
Aug 21 13:12:43 kali kernel: Block layer SCSI generic (bsg) driver version 0.4 loaded (major 245)
Aug 21 13:12:43 kali kernel: io scheduler mq-deadline registered
Aug 21 13:12:43 kali kernel: ledtrig-cpu: registered to indicate activity on CPUs
Aug 21 13:12:43 kali kernel: pcieport 0000:00:1c.0: PME: Signaling with IRQ 122
Aug 21 13:12:43 kali kernel: pcieport 0000:00:1c.0: AER: enabled with IRQ 122
Aug 21 13:12:43 kali kernel: acpi LNXTHERM:00: registered as thermal_zone0
Aug 21 13:12:43 kali kernel: ACPI: thermal: Thermal Zone [HPTZ] (41 C)
Aug 21 13:12:43 kali kernel: acpi LNXTHERM:01: registered as thermal_zone1
Aug 21 13:12:43 kali kernel: ACPI: thermal: Thermal Zone [TZ00] (28 C)
Aug 21 13:12:43 kali kernel: Serial: 8250/16550 driver, 4 ports, IRQ sharing enabled
Aug 21 13:12:43 kali kernel: 00:00: ttyS0 at I/O 0x3f8 (irq = 4, base_baud = 115200) is a 16550A
Aug 21 13:12:43 kali kernel: hpet_acpi_add: no address or irqs in _CRS
Aug 21 13:12:43 kali kernel: Linux agpgart interface v0.103
Aug 21 13:12:43 kali kernel: tpm_tis MSFT0101:00: 2.0 TPM (device-id 0x1D, rev-id 54)
Aug 21 13:12:43 kali kernel: i8042: PNP: No PS/2 controller found.
Aug 21 13:12:43 kali kernel: mousedev: PS/2 mouse device common for all mice
Aug 21 13:12:43 kali kernel: rtc_cmos rtc_cmos: RTC can wake from S4
Aug 21 13:12:43 kali kernel: rtc_cmos rtc_cmos: registered as rtc0
Aug 21 13:12:43 kali kernel: rtc_cmos rtc_cmos: setting system clock to 2026-08-21T13:12:40 UTC (1787317960)
Aug 21 13:12:43 kali kernel: rtc_cmos rtc_cmos: alarms up to one month, y3k, 114 bytes nvram
Aug 21 13:12:43 kali kernel: intel_pstate: Intel P-state driver initializing
Aug 21 13:12:43 kali kernel: intel_pstate: HWP enabled
Aug 21 13:12:43 kali kernel: efifb: probing for efifb
Aug 21 13:12:43 kali kernel: efifb: framebuffer at 0x4000000000, using 8100k, total 8100k
Aug 21 13:12:43 kali kernel: efifb: mode is 1920x1080x32, linelength=7680, pages=1
Aug 21 13:12:43 kali kernel: efifb: scrolling: redraw
Aug 21 13:12:43 kali kernel: efifb: Truecolor: size=8:8:8:8, shift=24:16:8:0
Aug 21 13:12:43 kali kernel: Console: switching to colour frame buffer device 240x67
Aug 21 13:12:43 kali kernel: fb0: EFI VGA frame buffer device
Aug 21 13:12:43 kali kernel: NET: Registered PF_INET6 protocol family
Aug 21 13:12:43 kali kernel: Segment Routing with IPv6
Aug 21 13:12:43 kali kernel: RPL Segment Routing with IPv6
Aug 21 13:12:43 kali kernel: In-situ OAM (IOAM) with IPv6
Aug 21 13:12:43 kali kernel: mip6: Mobile IPv6
Aug 21 13:12:43 kali kernel: NET: Registered PF_PACKET protocol family
Aug 21 13:12:43 kali kernel: mpls_gso: MPLS GSO support
Aug 21 13:12:43 kali kernel: ENERGY_PERF_BIAS: Set to 'normal', was 'performance'
Aug 21 13:12:43 kali kernel: microcode: Current revision: 0x00000133
Aug 21 13:12:43 kali kernel: microcode: Updated early from: 0x0000012f
Aug 21 13:12:43 kali kernel: IPI shorthand broadcast: enabled
Aug 21 13:12:43 kali kernel: sched_clock: Marking stable (352208466, 6171142)->(384268352, -25888744)
Aug 21 13:12:43 kali kernel: registered taskstats version 1
Aug 21 13:12:43 kali kernel: Loading compiled-in X.509 certificates
Aug 21 13:12:43 kali kernel: Freeing initrd memory: 207844K
Aug 21 13:12:43 kali kernel: Loaded X.509 cert 'Build time autogenerated kernel key: 1b26754a8a1b4a737ff767e95a215a2fc32b7946'
Aug 21 13:12:43 kali kernel: Demotion targets for Node 0: null
Aug 21 13:12:43 kali kernel: Key type .fscrypt registered
Aug 21 13:12:43 kali kernel: Key type fscrypt-provisioning registered
Aug 21 13:12:43 kali kernel: Key type encrypted registered
Aug 21 13:12:43 kali kernel: AppArmor: AppArmor sha256 policy hashing enabled
Aug 21 13:12:43 kali kernel: ima: Allocated hash algorithm: sha256
Aug 21 13:12:43 kali kernel: ima: No architecture policies found
Aug 21 13:12:43 kali kernel: evm: Initialising EVM extended attributes:
Aug 21 13:12:43 kali kernel: evm: security.selinux
Aug 21 13:12:43 kali kernel: evm: security.SMACK64 (disabled)
Aug 21 13:12:43 kali kernel: evm: security.SMACK64EXEC (disabled)
Aug 21 13:12:43 kali kernel: evm: security.SMACK64TRANSMUTE (disabled)
Aug 21 13:12:43 kali kernel: evm: security.SMACK64MMAP (disabled)
Aug 21 13:12:43 kali kernel: evm: security.apparmor
Aug 21 13:12:43 kali kernel: evm: security.ima
Aug 21 13:12:43 kali kernel: evm: security.capability
Aug 21 13:12:43 kali kernel: evm: HMAC attrs: 0x1
Aug 21 13:12:43 kali kernel: RAS: Correctable Errors collector initialized.
Aug 21 13:12:43 kali kernel: clk: Disabling unused clocks
Aug 21 13:12:43 kali kernel: PM: genpd: Disabling unused power domains
Aug 21 13:12:43 kali kernel: Freeing unused decrypted memory: 2028K
Aug 21 13:12:43 kali kernel: Freeing unused kernel image (initmem) memory: 4496K
Aug 21 13:12:43 kali kernel: Write protecting the kernel read-only data: 32768k
Aug 21 13:12:43 kali kernel: Freeing unused kernel image (text/rodata gap) memory: 364K
Aug 21 13:12:43 kali kernel: Freeing unused kernel image (rodata/data gap) memory: 1228K
Aug 21 13:12:43 kali kernel: x86/mm: Checked W+X mappings: passed, no W+X pages found.
Aug 21 13:12:43 kali kernel: Run /init as init process
Aug 21 13:12:43 kali kernel:   with arguments:
Aug 21 13:12:43 kali kernel:     /init
Aug 21 13:12:43 kali kernel:     splash
Aug 21 13:12:43 kali kernel:   with environment:
Aug 21 13:12:43 kali kernel:     HOME=/
Aug 21 13:12:43 kali kernel:     TERM=linux
Aug 21 13:12:43 kali kernel: wmi_bus wmi_bus-PNP0C14:02: [Firmware Info]: 8F1F6436-9F42-42C8-BADC-0E9424F20C9A has zero instances
Aug 21 13:12:43 kali kernel: wmi_bus wmi_bus-PNP0C14:02: [Firmware Info]: 8F1F6435-9F42-42C8-BADC-0E9424F20C9A has zero instances
Aug 21 13:12:43 kali kernel: wmi_bus wmi_bus-PNP0C14:02: [Firmware Info]: 7391A661-223A-47DB-A77A-7BE84C60822D has zero instances
Aug 21 13:12:43 kali kernel: wmi_bus wmi_bus-PNP0C14:02: [Firmware Info]: DF4E63B6-3BBC-4858-9737-C74F82F821F3 has zero instances
Aug 21 13:12:43 kali kernel: input: Sleep Button as /devices/platform/PNP0C0E:00/input/input0
Aug 21 13:12:43 kali kernel: ACPI: button: Sleep Button [SLPB]
Aug 21 13:12:43 kali kernel: input: Power Button as /devices/platform/PNP0C0C:00/input/input1
Aug 21 13:12:43 kali kernel: ACPI: button: Power Button [PWRB]
Aug 21 13:12:43 kali kernel: input: Power Button as /devices/platform/LNXPWRBN:00/input/input2
Aug 21 13:12:43 kali kernel: ACPI: button: Power Button [PWRF]
Aug 21 13:12:43 kali kernel: vmd 0000:00:0e.0: PCI host bridge to bus 10000:e0
Aug 21 13:12:43 kali kernel: pci_bus 10000:e0: root bus resource [bus e0-ff]
Aug 21 13:12:43 kali kernel: pci_bus 10000:e0: root bus resource [mem 0x82000000-0x83ffffff]
Aug 21 13:12:43 kali kernel: pci_bus 10000:e0: root bus resource [mem 0x6003102000-0x60031fffff 64bit]
Aug 21 13:12:43 kali kernel: pci 10000:e0:17.0: [8086:7a62] type 00 class 0x010601 conventional PCI endpoint
Aug 21 13:12:43 kali kernel: pci 10000:e0:17.0: BAR 0 [mem 0x00000000-0x00001fff]
Aug 21 13:12:43 kali kernel: pci 10000:e0:17.0: BAR 1 [mem 0x00000000-0x000000ff]
Aug 21 13:12:43 kali kernel: pci 10000:e0:17.0: BAR 2 [io  0x0000-0x0007]
Aug 21 13:12:43 kali kernel: pci 10000:e0:17.0: BAR 3 [io  0x0000-0x0003]
Aug 21 13:12:43 kali kernel: pci 10000:e0:17.0: BAR 4 [io  0x0000-0x001f]
Aug 21 13:12:43 kali kernel: pci 10000:e0:17.0: BAR 5 [mem 0x82000000-0x820007ff]
Aug 21 13:12:43 kali kernel: pci 10000:e0:17.0: PME# supported from D3hot
Aug 21 13:12:43 kali kernel: pci 10000:e0:17.0: Adding to iommu group 4
Aug 21 13:12:43 kali kernel: pci 10000:e0:1d.0: [8086:09ab] type 00 class 0x088000 conventional PCI endpoint
Aug 21 13:12:43 kali kernel: pci 10000:e0:1d.0: Adding to iommu group 4
Aug 21 13:12:43 kali kernel: pci 10000:e0:1d.4: [8086:7a34] type 01 class 0x060400 PCIe Root Port
Aug 21 13:12:43 kali kernel: pci 10000:e0:1d.4: PCI bridge to [bus e1]
Aug 21 13:12:43 kali kernel: pci 10000:e0:1d.4:   bridge window [io  0x0000-0x0fff]
Aug 21 13:12:43 kali kernel: pci 10000:e0:1d.4:   bridge window [mem 0x82100000-0x821fffff]
Aug 21 13:12:43 kali kernel: pci 10000:e0:1d.4: PME# supported from D0 D3hot D3cold
Aug 21 13:12:43 kali kernel: pci 10000:e0:1d.4: PTM enabled (root), 4ns granularity
Aug 21 13:12:43 kali kernel: pci 10000:e0:1d.4: Adding to iommu group 4
Aug 21 13:12:43 kali kernel: pci 10000:e0:1d.4: Primary bus is hard wired to 0
Aug 21 13:12:43 kali kernel: pci 10000:e1:00.0: [1987:5027] type 00 class 0x010802 PCIe Endpoint
Aug 21 13:12:43 kali kernel: pci 10000:e1:00.0: BAR 0 [mem 0x82100000-0x82103fff 64bit]
Aug 21 13:12:43 kali kernel: pci 10000:e1:00.0: Adding to iommu group 4
Aug 21 13:12:43 kali kernel: pci 10000:e0:1d.4: PCI bridge to [bus e1]
Aug 21 13:12:43 kali kernel: pci 10000:e0:1d.4: Primary bus is hard wired to 0
Aug 21 13:12:43 kali kernel: i801_smbus 0000:00:1f.4: SPD Write Disable is set
Aug 21 13:12:43 kali kernel: i801_smbus 0000:00:1f.4: SMBus using PCI interrupt
Aug 21 13:12:43 kali kernel: intel-lpss 0000:00:15.0: enabling device (0004 -> 0006)
Aug 21 13:12:43 kali kernel: idma64 idma64.0: Found Intel integrated DMA 64-bit
Aug 21 13:12:43 kali kernel: r8169 0000:01:00.0: can't disable ASPM; OS doesn't have ASPM control
Aug 21 13:12:43 kali kernel: r8169 0000:01:00.0 eth0: RTL8168h/8111h, 10:b6:76:4f:a0:80, XID 541, IRQ 142
Aug 21 13:12:43 kali kernel: r8169 0000:01:00.0 eth0: jumbo features [frames: 9194 bytes, tx checksumming: ko]
Aug 21 13:12:43 kali kernel: ACPI: bus type USB registered
Aug 21 13:12:43 kali kernel: usbcore: registered new interface driver usbfs
Aug 21 13:12:43 kali kernel: usbcore: registered new interface driver hub
Aug 21 13:12:43 kali kernel: usbcore: registered new device driver usb
Aug 21 13:12:43 kali kernel: ACPI: bus type drm_connector registered
Aug 21 13:12:43 kali kernel: iTCO_wdt iTCO_wdt: Found a Intel PCH TCO device (Version=6, TCOBASE=0x0400)
Aug 21 13:12:43 kali kernel: iTCO_wdt iTCO_wdt: initialized. heartbeat=30 sec (nowayout=0)
Aug 21 13:12:43 kali kernel: xhci_hcd 0000:00:14.0: xHCI Host Controller
Aug 21 13:12:43 kali kernel: xhci_hcd 0000:00:14.0: new USB bus registered, assigned bus number 1
Aug 21 13:12:43 kali kernel: xhci_hcd 0000:00:14.0: hcc params 0x20007fc1 hci version 0x120 quirks 0x0000000200009810
Aug 21 13:12:43 kali kernel: xhci_hcd 0000:00:14.0: xHCI Host Controller
Aug 21 13:12:43 kali kernel: xhci_hcd 0000:00:14.0: new USB bus registered, assigned bus number 2
Aug 21 13:12:43 kali kernel: xhci_hcd 0000:00:14.0: Host supports USB 3.2 Enhanced SuperSpeed
Aug 21 13:12:43 kali kernel: usb usb1: New USB device found, idVendor=1d6b, idProduct=0002, bcdDevice= 7.00
Aug 21 13:12:43 kali kernel: usb usb1: New USB device strings: Mfr=3, Product=2, SerialNumber=1
Aug 21 13:12:43 kali kernel: usb usb1: Product: xHCI Host Controller
Aug 21 13:12:43 kali kernel: usb usb1: Manufacturer: Linux 7.0.12+kali-amd64 xhci-hcd
Aug 21 13:12:43 kali kernel: usb usb1: SerialNumber: 0000:00:14.0
Aug 21 13:12:43 kali kernel: hub 1-0:1.0: USB hub found
Aug 21 13:12:43 kali kernel: hub 1-0:1.0: 16 ports detected
Aug 21 13:12:43 kali kernel: usb usb2: New USB device found, idVendor=1d6b, idProduct=0003, bcdDevice= 7.00
Aug 21 13:12:43 kali kernel: usb usb2: New USB device strings: Mfr=3, Product=2, SerialNumber=1
Aug 21 13:12:43 kali kernel: usb usb2: Product: xHCI Host Controller
Aug 21 13:12:43 kali kernel: usb usb2: Manufacturer: Linux 7.0.12+kali-amd64 xhci-hcd
Aug 21 13:12:43 kali kernel: usb usb2: SerialNumber: 0000:00:14.0
Aug 21 13:12:43 kali kernel: hub 2-0:1.0: USB hub found
Aug 21 13:12:43 kali kernel: hub 2-0:1.0: 10 ports detected
Aug 21 13:12:43 kali kernel: usb: port power management may be unreliable
Aug 21 13:12:43 kali kernel: pci 10000:e0:1d.4: disabling bridge window [mem size 0x00000000 64bit pref disabled] to [bus e1] (unused)
Aug 21 13:12:43 kali kernel: pci 10000:e0:1d.4: bridge window [mem 0x82000000-0x820fffff]: assigned
Aug 21 13:12:43 kali kernel: pci 10000:e0:17.0: BAR 0 [mem 0x82100000-0x82101fff]: assigned
Aug 21 13:12:43 kali kernel: pci 10000:e0:1d.4: bridge window [io  size 0x1000]: can't assign; no space
Aug 21 13:12:43 kali kernel: pci 10000:e0:1d.4: bridge window [io  size 0x1000]: failed to assign
Aug 21 13:12:43 kali kernel: pci 10000:e0:17.0: BAR 5 [mem 0x82102000-0x821027ff]: assigned
Aug 21 13:12:43 kali kernel: pci 10000:e0:17.0: BAR 1 [mem 0x82102800-0x821028ff]: assigned
Aug 21 13:12:43 kali kernel: pci 10000:e0:17.0: BAR 4 [io  size 0x0020]: can't assign; no space
Aug 21 13:12:43 kali kernel: pci 10000:e0:17.0: BAR 4 [io  size 0x0020]: failed to assign
Aug 21 13:12:43 kali kernel: pci 10000:e0:17.0: BAR 2 [io  size 0x0008]: can't assign; no space
Aug 21 13:12:43 kali kernel: pci 10000:e0:17.0: BAR 2 [io  size 0x0008]: failed to assign
Aug 21 13:12:43 kali kernel: pci 10000:e0:17.0: BAR 3 [io  size 0x0004]: can't assign; no space
Aug 21 13:12:43 kali kernel: pci 10000:e0:17.0: BAR 3 [io  size 0x0004]: failed to assign
Aug 21 13:12:43 kali kernel: pci 10000:e0:1d.4: bridge window [io  size 0x1000]: can't assign; no space
Aug 21 13:12:43 kali kernel: pci 10000:e0:1d.4: bridge window [io  size 0x1000]: failed to assign
Aug 21 13:12:43 kali kernel: pci 10000:e0:17.0: BAR 4 [io  size 0x0020]: can't assign; no space
Aug 21 13:12:43 kali kernel: pci 10000:e0:17.0: BAR 4 [io  size 0x0020]: failed to assign
Aug 21 13:12:43 kali kernel: pci 10000:e0:17.0: BAR 2 [io  size 0x0008]: can't assign; no space
Aug 21 13:12:43 kali kernel: pci 10000:e0:17.0: BAR 2 [io  size 0x0008]: failed to assign
Aug 21 13:12:43 kali kernel: pci 10000:e0:17.0: BAR 3 [io  size 0x0004]: can't assign; no space
Aug 21 13:12:43 kali kernel: pci 10000:e0:17.0: BAR 3 [io  size 0x0004]: failed to assign
Aug 21 13:12:43 kali kernel: pci 10000:e1:00.0: BAR 0 [mem 0x82000000-0x82003fff 64bit]: assigned
Aug 21 13:12:43 kali kernel: pci 10000:e0:1d.4: PCI bridge to [bus e1]
Aug 21 13:12:43 kali kernel: pci 10000:e0:1d.4:   bridge window [mem 0x82000000-0x820fffff]
Aug 21 13:12:43 kali kernel: pci 10000:e1:00.0: can't override BIOS ASPM; OS doesn't have ASPM control
Aug 21 13:12:43 kali kernel: pcieport 10000:e0:1d.4: can't derive routing for PCI INT A
Aug 21 13:12:43 kali kernel: pcieport 10000:e0:1d.4: PCI INT A: no GSI
Aug 21 13:12:43 kali kernel: pcieport 10000:e0:1d.4: PME: Signaling with IRQ 151
Aug 21 13:12:43 kali kernel: pcieport 10000:e0:1d.4: AER: enabled with IRQ 151
Aug 21 13:12:43 kali kernel: vmd 0000:00:0e.0: Bound to PCI domain 10000
Aug 21 13:12:43 kali kernel: Key type psk registered
Aug 21 13:12:43 kali kernel: SCSI subsystem initialized
Aug 21 13:12:43 kali kernel: usb 1-1: new low-speed USB device number 2 using xhci_hcd
Aug 21 13:12:43 kali kernel: usb 1-1: New USB device found, idVendor=03f0, idProduct=564a, bcdDevice= 1.08
Aug 21 13:12:43 kali kernel: usb 1-1: New USB device strings: Mfr=1, Product=2, SerialNumber=0
Aug 21 13:12:43 kali kernel: usb 1-1: Product: HP 125 Wired Keyboard
Aug 21 13:12:43 kali kernel: usb 1-1: Manufacturer: LITEON Technology Corp.
Aug 21 13:12:43 kali kernel: hid: raw HID events driver (C) Jiri Kosina
Aug 21 13:12:43 kali kernel: nvme nvme0: pci function 10000:e1:00.0
Aug 21 13:12:43 kali kernel: pcieport 10000:e0:1d.4: can't derive routing for PCI INT A
Aug 21 13:12:43 kali kernel: nvme 10000:e1:00.0: PCI INT A: no GSI
Aug 21 13:12:43 kali kernel: libata version 3.00 loaded.
Aug 21 13:12:43 kali kernel: i915 0000:00:02.0: [drm] Found alderlake_s/raptorlake_s (device ID a780) integrated display version 12.00 stepping D0
Aug 21 13:12:43 kali kernel: i915 0000:00:02.0: [drm] VT-d active for gfx access
Aug 21 13:12:43 kali kernel: Console: switching to colour dummy device 80x25
Aug 21 13:12:43 kali kernel: i915 0000:00:02.0: vgaarb: deactivate vga console
Aug 21 13:12:43 kali kernel: i915 0000:00:02.0: [drm] Using Transparent Hugepages
Aug 21 13:12:43 kali kernel: i915 0000:00:02.0: vgaarb: VGA decodes changed: olddecodes=io+mem,decodes=io+mem:owns=io+mem
Aug 21 13:12:43 kali kernel: i915 0000:00:02.0: [drm] Finished loading DMC firmware i915/adls_dmc_ver2_01.bin (v2.1)
Aug 21 13:12:43 kali kernel: i915 0000:00:02.0: [drm] GT0: GuC firmware i915/tgl_guc_70.bin version 70.49.4
Aug 21 13:12:43 kali kernel: i915 0000:00:02.0: [drm] GT0: HuC firmware i915/tgl_huc.bin version 7.9.3
Aug 21 13:12:43 kali kernel: nvme nvme0: missing or invalid SUBNQN field.
Aug 21 13:12:43 kali kernel: i915 0000:00:02.0: [drm] GT0: HuC: authenticated for all workloads
Aug 21 13:12:43 kali kernel: i915 0000:00:02.0: [drm] GT0: GUC: submission enabled
Aug 21 13:12:43 kali kernel: i915 0000:00:02.0: [drm] GT0: GUC: SLPC enabled
Aug 21 13:12:43 kali kernel: i915 0000:00:02.0: [drm] GT0: GUC: RC enabled
Aug 21 13:12:43 kali kernel: i915 0000:00:02.0: [drm] Protected Xe Path (PXP) protected content support initialized
Aug 21 13:12:43 kali kernel: usbcore: registered new interface driver usbhid
Aug 21 13:12:43 kali kernel: usbhid: USB HID core driver
Aug 21 13:12:43 kali kernel: i915 0000:00:02.0: [drm] Registered 4 planes with drm panic
Aug 21 13:12:43 kali kernel: nvme nvme0: allocated 64 MiB host memory buffer (1 segment).
Aug 21 13:12:43 kali kernel: nvme nvme0: 24/0/0 default/read/poll queues
Aug 21 13:12:43 kali kernel: usb 1-9: new low-speed USB device number 3 using xhci_hcd
Aug 21 13:12:43 kali kernel:  nvme0n1: p1 p2 p3 p4 p5 p6 p7 p8
Aug 21 13:12:43 kali kernel: [drm] Initialized i915 1.6.0 for 0000:00:02.0 on minor 0
Aug 21 13:12:43 kali kernel: ACPI: video: Video Device [GFX0] (multi-head: yes  rom: no  post: no)
Aug 21 13:12:43 kali kernel: input: Video Bus as /devices/pci0000:00/acpi.video_bus.0/input/input3
Aug 21 13:12:43 kali kernel: input: LITEON Technology Corp. HP 125 Wired Keyboard as /devices/pci0000:00/0000:00:14.0/usb1/1-1/1-1:1.0/0003:03F0:564A.0001/input/input4
Aug 21 13:12:43 kali kernel: ahci 10000:e0:17.0: can't derive routing for PCI INT A
Aug 21 13:12:43 kali kernel: ahci 10000:e0:17.0: PCI INT A: no GSI
Aug 21 13:12:43 kali kernel: ahci 10000:e0:17.0: AHCI vers 0001.0301, 32 command slots, 6 Gbps, SATA mode
Aug 21 13:12:43 kali kernel: ahci 10000:e0:17.0: 4/4 ports implemented (port mask 0xf0)
Aug 21 13:12:43 kali kernel: ahci 10000:e0:17.0: flags: 64bit ncq sntf pm led clo only pio slum part ems deso sadm sds 
Aug 21 13:12:43 kali kernel: fbcon: i915drmfb (fb0) is primary device
Aug 21 13:12:43 kali kernel: scsi host0: ahci
Aug 21 13:12:43 kali kernel: scsi host1: ahci
Aug 21 13:12:43 kali kernel: scsi host2: ahci
Aug 21 13:12:43 kali kernel: scsi host3: ahci
Aug 21 13:12:43 kali kernel: scsi host4: ahci
Aug 21 13:12:43 kali kernel: scsi host5: ahci
Aug 21 13:12:43 kali kernel: scsi host6: ahci
Aug 21 13:12:43 kali kernel: scsi host7: ahci
Aug 21 13:12:43 kali kernel: ata1: DUMMY
Aug 21 13:12:43 kali kernel: ata2: DUMMY
Aug 21 13:12:43 kali kernel: ata3: DUMMY
Aug 21 13:12:43 kali kernel: ata4: DUMMY
Aug 21 13:12:43 kali kernel: ata5: SATA max UDMA/133 abar m2048@0x82102000 port 0x82102300 irq 178 lpm-pol 3
Aug 21 13:12:43 kali kernel: ata6: SATA max UDMA/133 abar m2048@0x82102000 port 0x82102380 irq 178 lpm-pol 3
Aug 21 13:12:43 kali kernel: ata7: SATA max UDMA/133 abar m2048@0x82102000 port 0x82102400 irq 178 lpm-pol 3
Aug 21 13:12:43 kali kernel: ata8: SATA max UDMA/133 abar m2048@0x82102000 port 0x82102480 irq 178 lpm-pol 3
Aug 21 13:12:43 kali kernel: Console: switching to colour frame buffer device 240x67
Aug 21 13:12:43 kali kernel: i915 0000:00:02.0: [drm] fb0: i915drmfb frame buffer device
Aug 21 13:12:43 kali kernel: usb 1-9: New USB device found, idVendor=03f0, idProduct=584a, bcdDevice= 1.00
Aug 21 13:12:43 kali kernel: usb 1-9: New USB device strings: Mfr=1, Product=2, SerialNumber=0
Aug 21 13:12:43 kali kernel: usb 1-9: Product: HP 125 USB Optical Mouse
Aug 21 13:12:43 kali kernel: usb 1-9: Manufacturer: PixArt
Aug 21 13:12:43 kali kernel: input: PixArt HP 125 USB Optical Mouse as /devices/pci0000:00/0000:00:14.0/usb1/1-9/1-9:1.0/0003:03F0:584A.0003/input/input5
Aug 21 13:12:43 kali kernel: hid-generic 0003:03F0:564A.0001: input,hidraw0: USB HID v1.11 Keyboard [LITEON Technology Corp. HP 125 Wired Keyboard] on usb-0000:00:14.0-1/input0
Aug 21 13:12:43 kali kernel: input: LITEON Technology Corp. HP 125 Wired Keyboard Consumer Control as /devices/pci0000:00/0000:00:14.0/usb1/1-1/1-1:1.1/0003:03F0:564A.0002/input/input6
Aug 21 13:12:43 kali kernel: hid-generic 0003:03F0:584A.0003: input,hidraw1: USB HID v1.11 Mouse [PixArt HP 125 USB Optical Mouse] on usb-0000:00:14.0-9/input0
Aug 21 13:12:43 kali kernel: input: LITEON Technology Corp. HP 125 Wired Keyboard System Control as /devices/pci0000:00/0000:00:14.0/usb1/1-1/1-1:1.1/0003:03F0:564A.0002/input/input7
Aug 21 13:12:43 kali kernel: hid-generic 0003:03F0:564A.0002: input,hidraw2: USB HID v1.11 Device [LITEON Technology Corp. HP 125 Wired Keyboard] on usb-0000:00:14.0-1/input1
Aug 21 13:12:43 kali kernel: ata6: SATA link down (SStatus 4 SControl 300)
Aug 21 13:12:43 kali kernel: ata7: SATA link down (SStatus 4 SControl 300)
Aug 21 13:12:43 kali kernel: ata8: SATA link down (SStatus 4 SControl 300)
Aug 21 13:12:43 kali kernel: ata5: SATA link down (SStatus 4 SControl 300)
Aug 21 13:12:43 kali kernel: PM: Image not found (code -22)
Aug 21 13:12:43 kali kernel: EXT4-fs (nvme0n1p6): orphan cleanup on readonly fs
Aug 21 13:12:43 kali kernel: EXT4-fs (nvme0n1p6): mounted filesystem ba748417-bde3-40af-8f54-01947d49ffa8 ro with ordered data mode. Quota mode: none.
Aug 21 13:12:43 kali kernel: Not activating Mandatory Access Control as /sbin/tomoyo-init does not exist.
Aug 21 13:12:43 kali systemd[1]: RTC configured in localtime, applying delta of 60 minutes to system time.
Aug 21 13:12:43 kali systemd[1]: Inserted module 'autofs4'
Aug 21 13:12:43 kali systemd[1]: systemd 261.1-2 running in system mode (+PAM +AUDIT +SELINUX +APPARMOR +IMA +IPE +SMACK +SECCOMP +GCRYPT -GNUTLS +OPENSSL +ACL +BLKID +CURL +ELFUTILS +FIDO2 +IDN2 +KMOD +LIBCRYPTSETUP +LIBCRYPTSETUP_PLUGINS +LIBFDISK +PCRE2 +PWQUALITY +P11KIT +QRENCODE +TPM2 +BZIP2 +LZ4 +XZ +ZLIB +ZSTD +BPF_FRAMEWORK +BTF -XKBCOMMON -UTMP +LIBARCHIVE)
Aug 21 13:12:43 kali systemd[1]: Detected architecture x86-64.
Aug 21 13:12:43 kali systemd[1]: Hostname set to <kali>.
Aug 21 13:12:43 kali systemd[1]: bpf-restrict-fs: LSM BPF program attached
Aug 21 13:12:43 kali systemd-sslh-generator: Configuration directory '/etc/sslh/' does not exist! No units generated.
Aug 21 13:12:43 kali systemd[1]: Queued start job for default target graphical.target.
Aug 21 13:12:43 kali systemd[1]: Created slice system-getty.slice - Slice /system/getty.
Aug 21 13:12:43 kali systemd[1]: Created slice system-modprobe.slice - Slice /system/modprobe.
Aug 21 13:12:43 kali systemd[1]: Created slice system-systemd\x2dfsck.slice - Slice /system/systemd-fsck.
Aug 21 13:12:43 kali systemd[1]: Created slice user.slice - User and Session Slice.
Aug 21 13:12:43 kali systemd[1]: Started systemd-ask-password-wall.path - Forward Password Requests to Wall Directory Watch.
Aug 21 13:12:43 kali systemd[1]: Set up automount proc-sys-fs-binfmt_misc.automount - Arbitrary Executable File Formats File System Automount Point.
Aug 21 13:12:43 kali systemd[1]: Expecting device dev-disk-by\x2duuid-1c29ce44\x2d2c4f\x2d4f4d\x2d832f\x2db4d02a0d5aed.device - /dev/disk/by-uuid/1c29ce44-2c4f-4f4d-832f-b4d02a0d5aed...
Aug 21 13:12:43 kali systemd[1]: Expecting device dev-disk-by\x2duuid-5463983b\x2da228\x2d4805\x2dadae\x2d4dd27af9b33e.device - /dev/disk/by-uuid/5463983b-a228-4805-adae-4dd27af9b33e...
Aug 21 13:12:43 kali systemd[1]: Expecting device dev-disk-by\x2duuid-9012\x2dEB79.device - /dev/disk/by-uuid/9012-EB79...
Aug 21 13:12:43 kali systemd[1]: Reached target imports.target - Image Downloads.
Aug 21 13:12:43 kali systemd[1]: Reached target nss-user-lookup.target - User and Group Name Lookups.
Aug 21 13:12:43 kali systemd[1]: Reached target slices.target - Slice Units.
Aug 21 13:12:43 kali systemd[1]: Reached target stunnel.target - TLS tunnels for network services - per-config-file target.
Aug 21 13:12:43 kali systemd[1]: Listening on systemd-ask-password.socket - Query the User Interactively for a Password.
Aug 21 13:12:43 kali systemd[1]: Listening on systemd-creds.socket - Credential Encryption/Decryption.
Aug 21 13:12:43 kali systemd[1]: Listening on systemd-factory-reset.socket - Factory Reset Management.
Aug 21 13:12:43 kali systemd[1]: Listening on systemd-hostnamed.socket - Hostname Service Socket.
Aug 21 13:12:43 kali systemd[1]: Listening on systemd-journald-dev-log.socket - Journal Socket (/dev/log).
Aug 21 13:12:43 kali systemd[1]: Listening on systemd-journald.socket - Journal Sockets.
Aug 21 13:12:43 kali systemd[1]: Listening on systemd-mute-console.socket - Console Output Muting Service Socket.
Aug 21 13:12:43 kali systemd[1]: systemd-pcrextend.socket - TPM PCR Measurements skipped, unmet condition check ConditionSecurity=measured-os
Aug 21 13:12:43 kali systemd[1]: systemd-pcrlock.socket - Make TPM PCR Policy skipped, unmet condition check ConditionSecurity=measured-uki
Aug 21 13:12:43 kali systemd[1]: Listening on systemd-udevd-control.socket - udev Control Socket.
Aug 21 13:12:43 kali systemd[1]: Listening on systemd-udevd-kernel.socket - udev Kernel Socket.
Aug 21 13:12:43 kali systemd[1]: Listening on systemd-udevd-varlink.socket - udev Varlink Socket.
Aug 21 13:12:43 kali systemd[1]: Listening on systemd-userdbd.socket - User Database Manager Socket.
Aug 21 13:12:43 kali systemd[1]: Mounting dev-hugepages.mount - Huge Pages File System...
Aug 21 13:12:43 kali systemd[1]: Mounting dev-mqueue.mount - POSIX Message Queue File System...
Aug 21 13:12:43 kali systemd[1]: Mounting sys-kernel-debug.mount - Kernel Debug File System...
Aug 21 13:12:43 kali systemd[1]: Mounting sys-kernel-tracing.mount - Kernel Trace File System...
Aug 21 13:12:43 kali systemd[1]: auth-rpcgss-module.service - Kernel Module supporting RPCSEC_GSS skipped, unmet condition check ConditionPathExists=/etc/krb5.keytab
Aug 21 13:12:43 kali systemd[1]: Starting keyboard-setup.service - Set the console keyboard layout...
Aug 21 13:12:43 kali systemd[1]: Starting kmod-static-nodes.service - Create List of Static Device Nodes...
Aug 21 13:12:43 kali systemd[1]: modprobe@configfs.service - Load Kernel Module configfs skipped, unmet condition check ConditionKernelModuleLoaded=!configfs
Aug 21 13:12:43 kali systemd[1]: Mounting sys-kernel-config.mount - Kernel Configuration File System...
Aug 21 13:12:43 kali systemd[1]: modprobe@drm.service - Load Kernel Module drm skipped, unmet condition check ConditionKernelModuleLoaded=!drm
Aug 21 13:12:43 kali systemd[1]: Starting modprobe@efi_pstore.service - Load Kernel Module efi_pstore...
Aug 21 13:12:43 kali systemd[1]: modprobe@fuse.service - Load Kernel Module fuse skipped, unmet condition check ConditionKernelModuleLoaded=!fuse
Aug 21 13:12:43 kali systemd[1]: Mounting sys-fs-fuse-connections.mount - FUSE Control File System...
Aug 21 13:12:43 kali systemd[1]: systemd-fsck-root.service - File System Check on Root Device skipped, unmet condition check ConditionPathExists=!/run/initramfs/fsck-root
Aug 21 13:12:43 kali systemd[1]: systemd-hibernate-clear.service - Clear Stale Hibernate Storage Info skipped, unmet condition check ConditionPathExists=/sys/firmware/efi/efivars/HibernateLocation-8cf2644b-4b0b-428f-9387-6d876050dc67
Aug 21 13:12:43 kali systemd[1]: Starting systemd-journald.service - Journal Service...
Aug 21 13:12:43 kali systemd[1]: Starting systemd-modules-load.service - Load Kernel Modules...
Aug 21 13:12:43 kali systemd[1]: systemd-pcrmachine.service - TPM PCR Machine ID Measurement skipped, unmet condition check ConditionSecurity=measured-os
Aug 21 13:12:43 kali systemd[1]: systemd-pcrosseparator.service - TPM PCR OS Separator skipped, unmet condition check ConditionSecurity=measured-os
Aug 21 13:12:43 kali systemd[1]: Starting systemd-remount-fs.service - Remount Root and Kernel File Systems...
Aug 21 13:12:43 kali systemd[1]: systemd-tpm2-setup-early.service - Early TPM SRK Setup skipped, unmet condition check ConditionSecurity=measured-os
Aug 21 13:12:43 kali systemd[1]: systemd-pcrnvdone.service - TPM PCR NvPCR Initialization Separator skipped, unmet condition check ConditionPathExists=/etc/initrd-release
Aug 21 13:12:43 kali systemd[1]: systemd-pcrproduct.service - TPM NvPCR Product ID Measurement skipped, unmet condition check ConditionSecurity=measured-os
Aug 21 13:12:43 kali systemd[1]: Starting systemd-udev-load-credentials.service - Load udev Rules from Credentials...
Aug 21 13:12:43 kali systemd[1]: Starting systemd-udev-trigger.service - Coldplug All udev Devices...
Aug 21 13:12:43 kali systemd[1]: Mounted dev-hugepages.mount - Huge Pages File System.
Aug 21 13:12:43 kali systemd[1]: Mounted dev-mqueue.mount - POSIX Message Queue File System.
Aug 21 13:12:43 kali systemd[1]: Mounted sys-kernel-debug.mount - Kernel Debug File System.
Aug 21 13:12:43 kali systemd[1]: Mounted sys-kernel-tracing.mount - Kernel Trace File System.
Aug 21 13:12:43 kali systemd[1]: Finished keyboard-setup.service - Set the console keyboard layout.
Aug 21 13:12:43 kali kernel: pstore: Using crash dump compression: deflate
Aug 21 13:12:43 kali systemd[1]: Finished kmod-static-nodes.service - Create List of Static Device Nodes.
Aug 21 13:12:43 kali systemd[1]: Mounted sys-kernel-config.mount - Kernel Configuration File System.
Aug 21 13:12:43 kali systemd[1]: Mounted sys-fs-fuse-connections.mount - FUSE Control File System.
Aug 21 13:12:43 kali systemd[1]: Starting systemd-tmpfiles-setup-dev-early.service - Create Static Device Nodes in /dev gracefully...
Aug 21 13:12:43 kali systemd[1]: Finished systemd-udev-load-credentials.service - Load udev Rules from Credentials.
Aug 21 13:12:43 kali systemd-journald[549]: Collecting audit messages is disabled.
Aug 21 13:12:43 kali kernel: lp: driver loaded but no devices found
Aug 21 13:12:43 kali kernel: ppdev: user-space parallel port driver
Aug 21 13:12:43 kali systemd[1]: Finished systemd-modules-load.service - Load Kernel Modules.
Aug 21 13:12:43 kali kernel: pstore: Registered efi_pstore as persistent store backend
Aug 21 13:12:43 kali systemd[1]: Starting systemd-sysctl.service - Apply Kernel Variables...
Aug 21 13:12:43 kali systemd[1]: modprobe@efi_pstore.service: Deactivated successfully.
Aug 21 13:12:43 kali systemd[1]: Finished modprobe@efi_pstore.service - Load Kernel Module efi_pstore.
Aug 21 13:12:43 kali systemd[1]: Finished systemd-tmpfiles-setup-dev-early.service - Create Static Device Nodes in /dev gracefully.
Aug 21 13:12:43 kali systemd[1]: Finished systemd-sysctl.service - Apply Kernel Variables.
Aug 21 13:12:43 kali systemd[1]: Started systemd-journald.service - Journal Service.
Aug 21 13:12:43 kali kernel: EXT4-fs (nvme0n1p6): re-mounted ba748417-bde3-40af-8f54-01947d49ffa8 r/w.
Aug 21 13:12:43 kali systemd-journald[549]: Received client request to flush runtime journal.
Aug 21 13:12:44 kali kernel: EDAC ie31200: No ECC support
Aug 21 13:12:44 kali kernel: EDAC ie31200: No ECC support
Aug 21 13:12:44 kali kernel: mei_me 0000:00:16.0: enabling device (0000 -> 0002)
Aug 21 13:12:44 kali kernel: input: PC Speaker as /devices/platform/pcspkr/input/input8
Aug 21 13:12:44 kali kernel: intel_pmc_core INT33A1:00:  initialized
Aug 21 13:12:44 kali kernel: mei_pxp 0000:00:16.0-fbf6fcf1-96cf-4e2e-a6a6-1bab8cbe36b1: bound 0000:00:02.0 (ops i915_pxp_tee_component_ops [i915])
Aug 21 13:12:44 kali kernel: mei_hdcp 0000:00:16.0-b638ab7e-94e2-4ea2-a552-d1c54b627f04: bound 0000:00:02.0 (ops i915_hdcp_ops [i915])
Aug 21 13:12:44 kali kernel: input: HP WMI hotkeys as /devices/virtual/input/input9
Aug 21 13:12:44 kali kernel: RAPL PMU: API unit is 2^-32 Joules, 3 fixed counters, 655360 ms ovfl timer
Aug 21 13:12:44 kali kernel: RAPL PMU: hw unit of domain pp0-core 2^-14 Joules
Aug 21 13:12:44 kali kernel: RAPL PMU: hw unit of domain package 2^-14 Joules
Aug 21 13:12:44 kali kernel: RAPL PMU: hw unit of domain pp1-gpu 2^-14 Joules
Aug 21 13:12:44 kali kernel: Adding 7812092k swap on /dev/nvme0n1p7.  Priority:-1 extents:1 across:7812092k SS
Aug 21 13:12:45 kali kernel: ACPI BIOS Error (bug): Attempt to CreateField of length zero (20251212/dsopcode-133)
Aug 21 13:12:45 kali kernel: ACPI Error: Aborting method \_SB.WMID.WQBY due to previous error (AE_AML_OPERAND_VALUE) (20251212/psparse-529)
Aug 21 13:12:45 kali kernel: ACPI Error: Aborting method \_SB.WMID.WQBD due to previous error (AE_AML_OPERAND_VALUE) (20251212/psparse-529)
Aug 21 13:12:45 kali kernel: snd_hda_intel 0000:00:1f.3: enabling device (0000 -> 0002)
Aug 21 13:12:45 kali kernel: snd_hda_intel 0000:00:1f.3: bound 0000:00:02.0 (ops intel_audio_component_bind_ops [i915])
Aug 21 13:12:45 kali kernel: intel_rapl_msr: PL4 support detected.
Aug 21 13:12:45 kali kernel: intel_rapl_common: Found RAPL domain package
Aug 21 13:12:45 kali kernel: intel_rapl_common: Found RAPL domain core
Aug 21 13:12:45 kali kernel: intel_rapl_common: Found RAPL domain uncore
Aug 21 13:12:45 kali kernel: snd_hda_codec_alc662 hdaudioC0D0: autoconfig for ALC897: line_outs=1 (0x14/0x0/0x0/0x0/0x0) type:line
Aug 21 13:12:45 kali kernel: snd_hda_codec_alc662 hdaudioC0D0:    speaker_outs=1 (0x17/0x0/0x0/0x0/0x0)
Aug 21 13:12:45 kali kernel: snd_hda_codec_alc662 hdaudioC0D0:    hp_outs=1 (0x1b/0x0/0x0/0x0/0x0)
Aug 21 13:12:45 kali kernel: snd_hda_codec_alc662 hdaudioC0D0:    mono: mono_out=0x0
Aug 21 13:12:45 kali kernel: snd_hda_codec_alc662 hdaudioC0D0:    inputs:
Aug 21 13:12:45 kali kernel: snd_hda_codec_alc662 hdaudioC0D0:      Mic=0x19
Aug 21 13:12:45 kali kernel: snd_hda_codec_alc662 hdaudioC0D0:      Line=0x1a
Aug 21 13:12:45 kali kernel: input: HDA Intel PCH Mic as /devices/pci0000:00/0000:00:1f.3/sound/card0/input10
Aug 21 13:12:45 kali kernel: input: HDA Intel PCH Line as /devices/pci0000:00/0000:00:1f.3/sound/card0/input11
Aug 21 13:12:45 kali kernel: input: HDA Intel PCH Line Out as /devices/pci0000:00/0000:00:1f.3/sound/card0/input12
Aug 21 13:12:45 kali kernel: input: HDA Intel PCH Front Headphone as /devices/pci0000:00/0000:00:1f.3/sound/card0/input13
Aug 21 13:12:45 kali kernel: input: HDA Intel PCH HDMI/DP,pcm=3 as /devices/pci0000:00/0000:00:1f.3/sound/card0/input14
Aug 21 13:12:45 kali kernel: input: HDA Intel PCH HDMI/DP,pcm=7 as /devices/pci0000:00/0000:00:1f.3/sound/card0/input15
Aug 21 13:12:45 kali kernel: input: HDA Intel PCH HDMI/DP,pcm=8 as /devices/pci0000:00/0000:00:1f.3/sound/card0/input16
Aug 21 13:12:45 kali kernel: input: HDA Intel PCH HDMI/DP,pcm=9 as /devices/pci0000:00/0000:00:1f.3/sound/card0/input17
Aug 21 13:12:45 kali kernel: ACPI BIOS Error (bug): AE_AML_BUFFER_LIMIT, Index (0x000000050) is beyond end of object (length 0x50) (20251212/exoparg2-393)
Aug 21 13:12:45 kali kernel: ACPI Error: Aborting method \_SB.WMID.WQBZ due to previous error (AE_AML_BUFFER_LIMIT) (20251212/psparse-529)
Aug 21 13:12:45 kali kernel: ACPI Error: Aborting method \_SB.WMID.WQBE due to previous error (AE_AML_BUFFER_LIMIT) (20251212/psparse-529)
Aug 21 13:12:45 kali kernel: hp_bioscfg: Returned error 0x3, "Invalid command value/Feature not supported"
Aug 21 13:12:45 kali kernel: EXT4-fs (nvme0n1p8): mounted filesystem 1c29ce44-2c4f-4f4d-832f-b4d02a0d5aed r/w with ordered data mode. Quota mode: none.
Aug 21 13:12:45 kali kernel: nvme nvme0: using unchecked data buffer
Aug 21 13:12:45 kali kernel: NET: Registered PF_QIPCRTR protocol family
Aug 21 13:12:45 kali kernel: Generic FE-GE Realtek PHY r8169-0-100:00: attached PHY driver (mii_bus:phy_addr=r8169-0-100:00, irq=MAC)
Aug 21 13:12:46 kali kernel: r8169 0000:01:00.0 eth0: Link is Down
Aug 21 13:12:46 kali kernel: RPC: Registered named UNIX socket transport module.
Aug 21 13:12:46 kali kernel: RPC: Registered udp transport module.
Aug 21 13:12:46 kali kernel: RPC: Registered tcp transport module.
Aug 21 13:12:46 kali kernel: RPC: Registered tcp-with-tls transport module.
Aug 21 13:12:46 kali kernel: RPC: Registered tcp NFSv4.1 backchannel transport module.
Aug 21 13:12:49 kali kernel: r8169 0000:01:00.0 eth0: Link is Up - 1Gbps/Full - flow control off
Aug 21 08:43:20 kali systemd-journald[549]: Time jumped backwards, rotating.
