cooling_device0
cooling_device1
cooling_device10
cooling_device11
cooling_device12
cooling_device13
cooling_device14
cooling_device15
cooling_device16
cooling_device17
cooling_device18
cooling_device19
cooling_device2
cooling_device20
cooling_device21
cooling_device22
cooling_device23
cooling_device24
cooling_device25
cooling_device26
cooling_device27
cooling_device28
cooling_device29
cooling_device3
cooling_device4
cooling_device5
cooling_device6
cooling_device7
cooling_device8
cooling_device9
thermal_zone0
thermal_zone1
thermal_zone2
/sys/class/thermal/thermal_zone0 acpitz
 temp=41000

100000
98000
/sys/class/thermal/thermal_zone1 acpitz
 temp=27800

105000
80000
55000
50000
45000
40000
/sys/class/thermal/thermal_zone2 x86_pkg_temp
 temp=47000

-274000
-274000
hp-isa-0000
Adapter: ISA adapter
pwm1:             N/A

acpitz-acpi-0
Adapter: ACPI interface
temp1:        +41.0°C  
temp2:        +27.8°C  

coretemp-isa-0000
Adapter: ISA adapter
Package id 0:  +42.0°C  (high = +80.0°C, crit = +100.0°C)
Core 0:        +41.0°C  (high = +80.0°C, crit = +100.0°C)
Core 4:        +38.0°C  (high = +80.0°C, crit = +100.0°C)
Core 8:        +40.0°C  (high = +80.0°C, crit = +100.0°C)
Core 12:       +38.0°C  (high = +80.0°C, crit = +100.0°C)
Core 16:       +42.0°C  (high = +80.0°C, crit = +100.0°C)
Core 20:       +38.0°C  (high = +80.0°C, crit = +100.0°C)
Core 24:       +41.0°C  (high = +80.0°C, crit = +100.0°C)
Core 28:       +38.0°C  (high = +80.0°C, crit = +100.0°C)
Core 32:       +41.0°C  (high = +80.0°C, crit = +100.0°C)
Core 33:       +41.0°C  (high = +80.0°C, crit = +100.0°C)
Core 34:       +41.0°C  (high = +80.0°C, crit = +100.0°C)
Core 35:       +41.0°C  (high = +80.0°C, crit = +100.0°C)
Core 36:       +42.0°C  (high = +80.0°C, crit = +100.0°C)
Core 37:       +42.0°C  (high = +80.0°C, crit = +100.0°C)
Core 38:       +42.0°C  (high = +80.0°C, crit = +100.0°C)
Core 39:       +42.0°C  (high = +80.0°C, crit = +100.0°C)

nvme-pci-e100
Adapter: PCI adapter
Composite:    +45.9°C  (low  =  -5.2°C, high = +82.8°C)
                       (crit = +84.8°C)
Sensor 1:     +45.9°C  (low  = -273.1°C, high = +65261.8°C)

