=== artifacts/real-world/20260821-021012-redshadow-kali-handoff/KALI_HANDOFF.md ===
# ORCHESTRA-OS Kali real-machine handoff

This handoff prepares a separate Kali machine for the next controlled kernel
campaign. It is a runbook and evidence contract, not a new test program or a
source change.

## 1. Scope and current implementation

Use the repository at revision
68295dc134774c7699764b3234e40ac7c764cc5c or a later revision that has been
reviewed separately. The active kernel path is:

- BPF scheduler: kernel/sched_ext/orchestra_scx_stage7.bpf.c
- bridge: kernel/sched_ext/bridge/orchestra_bridge.c
- map-pinning loader: kernel/sched_ext/bridge/orchestra_loader.c
- existing bounded single-process workload:
  kernel/sched_ext/scripts/fixed_work.c

The current ABI explicitly targets ORCHESTRA_SCX_API_VERSION=70012 and the
Linux 7.0 scx_bpf_dsq_insert* / scx_bpf_dsq_move API. A different running
kernel is not automatically compatible. Do not silently reuse an old object,
rename kfuncs mechanically, or change the source during this test campaign.

The loader must be used for this object. It validates map schemas and pins the
runtime maps before struct_ops attach, which is required for the deferred-timer
map. Do not substitute bare bpftool struct_ops register for the loader.

The research signal bus, predictor, kernel S1/S2/S3/S4/Q, feedback controller,
and full Hybrid Safety Layer are not established as kernel-runtime features.
Keep those claims USERSPACE_VALIDATED, BLOCKED_NOT_IMPLEMENTED, or UNKNOWN as
appropriate; do not infer them from a scheduler attach.

## 2. Transfer and integrity

Transfer the current Git tree, not the dated orchestra-usb-final.zip scripts.
The USB bundle predates the current 7.0 loader/API state and contains broad
bpffs cleanup paths. On the target, record:

    cd /path/to/ORCHESTRA-OS
    git rev-parse --show-toplevel
    git rev-parse HEAD
    git status --short --branch
    sha256sum kernel/sched_ext/orchestra_scx_stage7.bpf.c \
      kernel/sched_ext/bridge/orchestra_bridge.c \
      kernel/sched_ext/bridge/orchestra_loader.c \
      kernel/sched_ext/include/orchestra_abi.h

If the tree is dirty, preserve and report the uncommitted paths. Do not call
the result a clean revision.

## 3. Safety gate before any kernel operation

Proceed only when the target operator has confirmed all of the following:

1. The machine is dedicated/disposable for scheduler testing and has no
   important unsaved work.
2. A known-good fallback kernel and local/remote recovery console are usable.
3. Current kernel, boot arguments, storage free space, thermal trip points,
   and pre-existing kernel warnings are recorded.
4. No unrelated sched_ext scheduler is active.
5. Existing BPF programs, maps, links, and bpffs pins are inventoried.
6. The target has enough disposable storage for the selected workload; raw
   disk tests are out of scope.

Capture this state before ORCHESTRA:

    date -Iseconds
    hostnamectl
    uname -a
    uname -r
    cat /etc/os-release
    lscpu
    nproc
    free -h
    df -h
    cat /proc/cmdline
    cat /sys/kernel/sched_ext/state 2>/dev/null || true
    sudo bpftool prog list
    sudo bpftool map list
    sudo bpftool link list
    find /sys/fs/bpf -maxdepth 2 -print 2>/dev/null
    sudo dmesg --ctime | tail -300
    sudo journalctl -k -b --no-pager | tail -300

Do not delete anything from /sys/fs/bpf to establish a clean state. If a
pre-existing pin or link cannot be attributed, stop and mark the runtime phase
BLOCKED_FOR_SAFETY.

Do not boot artifacts/kernel-v6.12.96-orchestra-stage8.bzImage on an NVMe
machine. Prior evidence records that image with NVMe disabled.

## 4. Kali prerequisites

First inspect versions without changing the host:

    command -v gcc clang llvm-config make bpftool python3 pkg-config
    gcc --version | head -1
    clang --version | head -1
    bpftool version
    pkg-config --modversion libbpf libelf
    dpkg-query -W linux-image-$(uname -r) linux-headers-$(uname -r) \
      linux-source-7.0 libbpf-dev libelf-dev zlib1g-dev 2>/dev/null || true

If a dependency is missing, record the exact blocker. Installation requires
separate target-host approval and was not performed during preparation. The
proposed Debian/Kali package set is:

    sudo apt update
    sudo apt install --no-install-recommends \
      build-essential clang llvm make bpftool libbpf-dev libelf-dev \
      zlib1g-dev dwarves python3 linux-source-7.0

Optional tools for later independent workload phases are stress, numactl,
linux-cpupower, perf, lm-sensors, and an scx_simple provider. Missing optional
tools block only the tests that require them; do not install them silently.

The source tree must contain the sched_ext headers used by the running kernel,
including:

    test -f "$KSRC/tools/sched_ext/include/scx/common.bpf.h"
    test -f "$KSRC/tools/lib/bpf_helpers.h"

Generic /usr/src/linux-headers-* alone is not sufficient. Verify the source
package or commit corresponds to the running kernel package. If exact
alignment cannot be established, stop at BLOCKED_KERNEL_CAPABILITY.

## 5. Userspace regression gate

From the target repository root, preserve stdout, stderr, and return codes for
each command. Run the existing gate exactly as documented:

    make clean
    make
    make check
    make test

Use actual counts from the output; historical counts in README files are not
acceptance evidence for a new target. A failure is diagnosed and recorded, not
fixed in this campaign.

Then run the existing capability checks:

    bash benchmarks/real-machine/sanity_check.sh
    bash kernel/sched_ext/scripts/check_kernel_config.sh

The required running-kernel options are CONFIG_BPF=y,
CONFIG_BPF_SYSCALL=y, CONFIG_BPF_JIT=y, CONFIG_DEBUG_INFO_BTF=y,
CONFIG_SCHED_CLASS_EXT=y, and CONFIG_BPF_EVENTS=y, plus
/sys/kernel/btf/vmlinux and /sys/kernel/sched_ext.

## 6. Out-of-tree target build

Use a campaign directory outside the source tree. The following is the
documented build flow with generated and output files kept in that directory:

    export REPO=/path/to/ORCHESTRA-OS
    export KSRC=/path/to/exact/linux-7.0.12-source
    export CAMPAIGN=/tmp/orchestra-realworld-$(date +%Y%m%d-%H%M%S)-$(hostname)
    mkdir -p "$CAMPAIGN"/{environment,build,baseline,kernel,sched_ext,raw}
    mkdir -p "$CAMPAIGN/build/include"

    sudo bpftool btf dump file /sys/kernel/btf/vmlinux format c \
      > "$CAMPAIGN/build/include/vmlinux.h"

    clang -O2 -target bpf -g -nostdinc -D__BPF__ \
      -I "$CAMPAIGN/build/include" \
      -I "$REPO/kernel/sched_ext/include" \
      -I "$KSRC/tools/lib" \
      -I "$KSRC/tools/bpf/bpftool/libbpf" \
      -I "$KSRC/include" -I "$KSRC/include/uapi" \
      -I "$KSRC/arch/x86/include" \
      -I "$KSRC/arch/x86/include/generated" \
      -I "$KSRC/tools/sched_ext/include" -I /usr/include/bpf \
      -Wno-missing-declarations -Wno-visibility \
      -Wno-address-of-packed-member \
      -c "$REPO/kernel/sched_ext/orchestra_scx_stage7.bpf.c" \
      -o "$CAMPAIGN/build/orchestra_scx_stage7.bpf.o"

    cc -O2 -Wall -Wextra -I "$REPO/kernel/sched_ext/include" \
      "$REPO/kernel/sched_ext/bridge/orchestra_bridge.c" \
      -o "$CAMPAIGN/build/orchestra_bridge" \
      $(pkg-config --cflags --libs libbpf)

    cc -O2 -Wall -Wextra -I "$REPO/kernel/sched_ext/include" \
      "$REPO/kernel/sched_ext/bridge/orchestra_loader.c" \
      -o "$CAMPAIGN/build/orchestra_loader" \
      $(pkg-config --cflags --libs libbpf)

    cc -O2 -Wall -Wextra \
      "$REPO/kernel/sched_ext/scripts/fixed_work.c" \
      -o "$CAMPAIGN/build/fixed_work"

    file "$CAMPAIGN/build/orchestra_scx_stage7.bpf.o" \
      "$CAMPAIGN/build/orchestra_bridge" \
      "$CAMPAIGN/build/orchestra_loader"
    sha256sum "$CAMPAIGN/build/include/vmlinux.h" \
      "$CAMPAIGN/build/orchestra_scx_stage7.bpf.o" \
      "$CAMPAIGN/build/orchestra_bridge" \
      "$CAMPAIGN/build/orchestra_loader" \
      "$CAMPAIGN/build/fixed_work"

A generated vmlinux.h and these build outputs are normal evidence artifacts;
they are not implementation changes. If compilation fails, preserve the first
relevant diagnostic and classify the cause before any retry.

## 7. Safe load/unload gate

Before loading, repeat the bpffs and sched_ext inventory. The target must be
disabled, and /sys/fs/bpf/orchestra/orchestra_sched must not already exist.
Do not remove another owner's objects.

Use only the current loader:

    sudo "$CAMPAIGN/build/orchestra_loader" --load \
      "$CAMPAIGN/build/orchestra_scx_stage7.bpf.o"
    cat /sys/kernel/sched_ext/state
    sudo "$CAMPAIGN/build/orchestra_bridge" --status

A registration return code is insufficient. Require state=enabled, valid
ABI/API/magic fields, the expected map schemas, and an owned link/pin set under
/sys/fs/bpf/orchestra. Preserve dmesg immediately after attach.

At the end of every runtime phase, unload only through the loader:

    sudo "$CAMPAIGN/build/orchestra_loader" --unload
    cat /sys/kernel/sched_ext/state
    find /sys/fs/bpf/orchestra -maxdepth 1 -print 2>/dev/null || true

Require disabled and removal of only the ORCHESTRA-owned pin directory. If
unload fails, preserve state and kernel logs; do not fall back to global bpffs
cleanup.

## 8. Ownership and action acceptance order

Do not begin comparison or stress claims until this gate is complete. Use the
existing fixed_work binary so the published PID is the long-lived worker itself;
do not use shell loops containing external sleep children.

For each trial, record the target PID, /proc/PID/stat processor field, affinity,
bridge generation, bridge status, and telemetry before and after the directive.
Keep the worker alive until the per-task line is captured.

1. Negative ownership: run fixed_work without --opt-in; its per-task enable,
   enqueue, and running evidence must not be attributed to ORCHESTRA.
2. Positive ownership: start one long-lived worker, run
   --opt-in --target-pid PID, publish RUN, and poll --status until the exact
   identity=TGID:TID:start_boottime record appears. Require positive per-task
   accepted, dispatched, and running counters.
3. RUN/YIELD: publish each to that same live TID. Separate requested,
   accepted, dispatched, effective, and fallback values. A global counter alone
   is not task ownership proof.
4. MIGRATE: choose an online CPU allowed by the worker's affinity. Start on
   CPU 0 with an allowed mask containing both 0 and the target CPU; never
   request CPU 3 from a task restricted to CPU 0. Require target CPU evidence
   in per-task telemetry and /proc/PID/stat, beginning with 3 repeats and
   expanding to 5 for a stronger claim.
5. SLEEP: use the bridge's monotonic --not-before-ns; demonstrate no execution
   before the deadline and deferred release after it. Acceptance or a short
   slice is not proof of sleep.
6. THROTTLE: use explicit --throttle-period-ns and
   --throttle-budget-ns; measure runtime duty cycle over the period. A smaller
   dispatch slice is not proof of throttling.
7. Invalid action: the current CLI rejects unknown action text and does not
   provide a safe direct invalid-map injector. Record CLI input validation as
   such; mark kernel unknown-action fallback
   BLOCKED_NO_SAFE_INJECTION_INTERFACE rather than fabricating a PASS.

If the worker exits before the required status or telemetry observation,
classify the action INCONCLUSIVE and retain the failed observation window.

## 9. Existing scripts: execution policy

Inspect, but do not run unmodified, these scripts on a machine containing any
unrelated BPF state:

- kernel/sched_ext/scripts/reproduce_stage7_runtime.sh — hard-coded source
  path and global struct_ops/pin cleanup
- kernel/sched_ext/scripts/p0_ownership_retest.sh — rm -rf /sys/fs/bpf/* and
  global link detachment
- kernel/sched_ext/scripts/stage8_validate.sh — hard-coded source path and
  global bpffs cleanup
- benchmarks/real-machine/benchmark_suite.sh — hard-coded /home/vagrant paths
  and broad link/pin handling
- benchmarks/real-machine/full_compare.sh — hard-coded paths and
  rm -rf /sys/fs/bpf/*

Do not edit these scripts during testing. Their unexecuted gates remain
BLOCKED_FOR_SAFETY or BLOCKED_PATH_ASSUMPTION.

stress_suite.sh may be considered for a CFS-only baseline after the storage,
thermal, and tool gates pass. Its fallback memory path writes large files to
/tmp; require the stress tool or an explicitly adequate disposable filesystem.
Do not run its orchestra mode as an ownership or performance proof before the
per-task gate above.

## 10. Evidence and stop rules

Keep the approved broad checklist in
ORCHESTRA_OS_Real_World_Machine_Test_Checklist.docx; this handoff does not
duplicate it. Store campaign output outside source files with:

- environment and package/source identity
- command, working directory, timestamp, return code, stdout, and stderr
- BTF/object/bridge/loader hashes
- bpftool map/link/program snapshots
- scheduler state transitions
- bridge status and per-task telemetry
- pre/post dmesg and thermal/storage readings
- raw workload measurements and first failures

Immediately stop the current phase after a panic, repeated oops, filesystem
corruption, scheduler lockup, hung-task/RCU stall caused by the test, unsafe RT
interference, data loss, or a serious thermal event. Preserve evidence before
recovery. Do not reboot automatically; if a reboot becomes necessary, write a
resume note and stop the campaign at BLOCKED_REBOOT_REQUIRED.

## 11. Acceptance boundary

The next target campaign may claim KERNEL_PROTOTYPED for the target only if it
proves source-hashed build, verifier/attach, ownership, and clean unload.
It may claim EXPERIMENTALLY_VALIDATED for a specific action only with
repeatable per-task effective-outcome evidence and an explicit protocol.
Nothing in this handoff authorizes deployment or upgrades the prior physical
Kali result beyond PARTIALLY_VALIDATED.
=== artifacts/real-world/20260821-021012-redshadow-kali-handoff/IMPLEMENTATION_MATRIX.md ===
# Implementation and target-test maturity matrix

Evidence basis: repository revision
68295dc134774c7699764b3234e40ac7c764cc5c, README.md,
docs/status/current-state.md, current sched_ext sources, and prior
physical-Kali campaign artifacts.

| Component | Current class | Target readiness | Evidence / boundary |
|---|---|---|---|
| Stage-7 sched_ext scheduler | KERNEL_PROTOTYPED | Ready for exact 7.0.12 preflight | orchestra_scx_stage7.bpf.c; prior 7.0 attach/unload evidence |
| Bridge CLI and ABI maps | KERNEL_PROTOTYPED | Ready to build/hash | orchestra_bridge.c, orchestra_bridge_v1.h, exact-schema checks |
| Map-pinning loader | KERNEL_PROTOTYPED | Required for target load | orchestra_loader.c; pins timer map before attach |
| RUN | KERNEL_PROTOTYPED | Per-task proof pending | Prior global/full-switch activity is not isolated action proof |
| YIELD | KERNEL_PROTOTYPED | Per-task proof pending | Requested/dispatched counters must be tied to the target TID |
| MIGRATE | KERNEL_PROTOTYPED | Repeatable CPU proof pending | Prior physical attempt used an invalid restricted-affinity protocol |
| SLEEP | KERNEL_PROTOTYPED | Deferred timing proof pending | sleep accepted, deferred, release, and no-early-run evidence required |
| THROTTLE | KERNEL_PROTOTYPED | Duty-cycle proof pending | Acceptance or slice shortening is insufficient |
| Negative/positive ownership | KERNEL_PROTOTYPED | Mandatory next gate | Non-opted exclusion plus exact live-TID enable/enqueue/running |
| Userspace signal frame/HMAC | USERSPACE_VALIDATED | Kernel validation blocked | Current BPF bridge ABI is not the full authenticated userspace signal protocol |
| Predictor | USERSPACE_VALIDATED | Kernel validation blocked | No real-machine BPF predictor output exposed |
| S1/S2/S3/S4/Q | USERSPACE_VALIDATED | Kernel validation blocked | Do not copy userspace or simulation Q into kernel results |
| Feedback controller | USERSPACE_VALIDATED | Kernel validation blocked | No kernel controller telemetry/actuator loop established |
| Hybrid Safety Layer | SPECIFIED / partial prototype | Target test limited | FIFO/RR coexistence is not proof of the full safety layer |
| Instrumentation | KERNEL_PROTOTYPED | Target telemetry gate pending | Requested/effective/per-task fields exist; causal attribution must be shown |
| NUMA-aware scheduling | SPECIFIED / unvalidated | Depends on target topology | A single-node target cannot validate multi-node behavior |
| Distributed/cluster tier | SPECIFIED | Not testable in this campaign | Single-host Kali is not distributed validation |
| Deployment readiness | NOT IMPLEMENTED as a claim | Not ready | Prior and current evidence prohibit deployment claims |
=== artifacts/real-world/20260821-124731-redshadow-kali-build-prep/REAL_WORLD_TEST_REPORT.md ===
# ORCHESTRA-OS real-machine readiness report — Kali

## Outcome

The repository is userspace-regression ready and the bridge/loader preparation
artifacts are built. The next physical scheduler run is not yet attach-ready:
the BPF object must be rebuilt on the target from an exact source/BTF match.

The current host is:

- Kali Linux 7.0.12+kali-amd64
- 8 logical CPUs, Intel Core i5-10310U
- 30 GiB RAM, 26 GiB free on /
- sched_ext state: disabled
- running-kernel BTF SHA-256:
  3f39484930b332629a5864a1a703b0a39320cc1584f6e8a00dfbc6375b58ec76

Repository state is dirty before this campaign. Existing user paths were
preserved. The scoped source guard was clean:
git diff --name-only -- kernel/sched_ext benchmarks Makefile README.md AGENTS.md
returned no paths.

## Evidence summary

| Area | Result | Evidence |
|---|---|---|
| Repository identity | PASS | HEAD 68295dc134774c7699764b3234e40ac7c764cc5c |
| Real-machine sanity gate | PASS | sanity_check.sh, return 0 |
| Kernel config gate | PASS | check_kernel_config.sh, return 0 |
| make clean | PASS | return 0 |
| make | PASS | return 0; demo compiled with -Werror |
| make check | PASS | return 0 |
| make test, first direct run | PASS | return 0 |
| make test, captured repeat 1 | INTERMITTENT FAILURE | return 2; signal-stop wrapper exit 137 |
| integration reruns | PASS 3/3 | existing tests/integration/run.sh, each return 0 |
| make test, captured repeat 2 | PASS | return 0; complete log and JSON preserved |
| running-kernel vmlinux.h | BUILT | build/vmlinux.h, BTF-derived |
| bridge | BUILT | build/orchestra_bridge |
| loader | BUILT_WITH_PREP_INPUTS | build/orchestra_loader |
| fixed workload | BUILT | build/fixed_work |
| target BPF object | BLOCKED_KERNEL_SOURCE_MISMATCH | no object claimed or used |
| sched_ext load/unload | NOT RUN | intentionally deferred to root-capable target |

The captured regression records are:

- test-run/test-result.json: failed repeat, return code 2; log SHA-256
  d1f6ee75a2dc85aff22a53180323ea4db306cfc7d9782ce80a907afab236596e
- test-run-2/test-result.json: passing repeat, return code 0; log SHA-256
  c972b27359e632fe8bede756001e44f7c24816c29f3ec2772ee064f64a371572

The failed repeat reached the existing signal-stop case, emitted Finished.
and 20 CSV rows, then its documented 3-second timeout plus 2-second
kill-after window observed Killed and return 137. No OOM, panic, RCU stall,
or scheduler fault was found in the accessible kernel log. Three subsequent
direct integration runs passed. Treat this as an intermittent userspace test
teardown observation, not as erased evidence and not as a kernel result.

## Tool and source blockers

Required tools reported present: gcc 15.3.0, clang 21.1.8, GNU make 4.4.1,
bpftool 7.7.0, Python 3.14.6, mpstat, pidstat, and lstopo-no-graphics.

Missing or incomplete inputs:

- llvm-config is missing.
- /usr/include/bpf/libbpf.h is missing.
- pkg-config --modversion libbpf libelf reports both packages missing.
- /usr/src/linux-headers-7.0.12+kali-* exists but does not contain the
  sched_ext tool headers required by the BPF build.
- /home/aether/Documents/linux contains the needed sched_ext headers but is
  commit 0d839570765118029aa8bf4a95444c6a11aacf85, v7.2-rc6-59-g0d8395707651,
  kernel version 7.2.0-rc6, not the running 7.0.12 kernel.
- Optional tools missing: numactl, sensors, perf, stress.

Do not install packages silently. On the target, resolve the exact source and
development-package inputs under separate operator authorization.

## Built artifacts

All outputs are outside source files:

| Artifact | SHA-256 |
|---|---|
| build/vmlinux.h | 96b223c8eaa9763f6caa0998188cf632aa0133c096bf526edc0043db3e675a51 |
| build/orchestra_bridge | 9ac00bca5b3a8118339662bb128fb25984895b6a6664ed7419b63404914ef538 |
| build/orchestra_loader | 9448e2fa0b99e45cf192662e33cd9241cdf93f1f868015de150ad85aa542fda0 |
| build/fixed_work | 6534eb8a01fdc707ad4790a65fcfd3817ac03a33e616c0f48b09b681ded9eaa1 |

The authoritative complete hash list is in COMMANDS.log and RESULTS.json.
The vmlinux.h is valid only for the BTF hash recorded above; do not transfer
it to a different kernel.

The loader must be used for the current object because the deferred timer map
must be pinned before struct_ops attach. Do not replace it with bare
bpftool struct_ops register. Do not run repository scripts that perform
global bpffs cleanup.

## Next target procedure

On the next physical Kali target:

1. Record the repository commit/status, uname, kernel config, BTF hash,
   /sys/kernel/sched_ext/state, dmesg/journal, storage, thermal state, and
   all existing BPF programs/maps/links/pins as root.
2. Confirm the machine is disposable/recoverable and sched_ext is disabled.
3. Verify a full kernel source tree matches uname -r and contains
   tools/sched_ext/include/scx/common.bpf.h; do not use generic headers or
   this host's 7.2 source.
4. Generate vmlinux.h from the target's own /sys/kernel/btf/vmlinux into a
   new campaign build directory.
5. Compile orchestra_scx_stage7.bpf.c, bridge, loader, and fixed_work in that
   directory. Hash every output.
6. Load only through orchestra_loader --load, verify enabled state, exact map
   schemas, bridge status, and ORCHESTRA-owned pins.
7. Run the negative and positive per-TID ownership gates with the existing
   fixed_work binary.
8. Validate RUN, YIELD, MIGRATE, SLEEP, and THROTTLE separately. Distinguish
   requested, accepted, dispatched, effective, and fallback telemetry.
9. Unload only through orchestra_loader --unload; require disabled state and
   removal only of ORCHESTRA-owned pins.
10. Run baseline and comparison phases only after ownership is proven. Keep the
    prior physical Kali limitations: no Q/predictor/controller kernel claims
    without direct implementation and telemetry evidence.

The detailed command-level runbook is the existing
../20260821-021012-redshadow-kali-handoff/KALI_HANDOFF.md.
