hwloc/linux: Ignoring PCI device with non-16bit domain.
Pass --enable-32bits-pci-domain to configure to support such devices
(warning: it would break the library ABI, don't enable unless really needed).
bash: line 1: printf: --: invalid option
printf: usage: printf [-v var] format [arguments]
bash: line 1: printf: --: invalid option
printf: usage: printf [-v var] format [arguments]
bash: line 1: printf: --: invalid option
printf: usage: printf [-v var] format [arguments]
bash: line 1: printf: --: invalid option
printf: usage: printf [-v var] format [arguments]
bash: line 1: printf: --: invalid option
printf: usage: printf [-v var] format [arguments]
bash: line 1: printf: --: invalid option
printf: usage: printf [-v var] format [arguments]
bash: line 1: printf: --: invalid option
printf: usage: printf [-v var] format [arguments]
bash: line 1: printf: --: invalid option
printf: usage: printf [-v var] format [arguments]
bash: line 1: printf: --: invalid option
printf: usage: printf [-v var] format [arguments]
bash: line 1: printf: --: invalid option
printf: usage: printf [-v var] format [arguments]
bash: line 1: printf: --: invalid option
printf: usage: printf [-v var] format [arguments]
bash: line 1: printf: --: invalid option
printf: usage: printf [-v var] format [arguments]
