timestamp, scheduler, workers, repetition, elapsed_ms, completed, wait_rcs, ctxt_before, ctxt_after, ctxt_delta, procs_running_before, procs_running_after, load_before, load_after
2026-08-21T09:48:45+01:00,linux-cfs,1,1,89,1,1;,21331748,21332999,1251,2,2,1.55 1.45 1.14
1.55 1.45 1.14,linux-cfs,,,,,,,,,,,
2026-08-21T09:48:46+01:00,linux-cfs,1,2,86,1,1;,21333436,21335182,1746,3,1,1.55 1.45 1.14
1.55 1.45 1.14,linux-cfs,,,,,,,,,,,
2026-08-21T09:48:46+01:00,linux-cfs,1,3,86,1,1;,21335249,21336445,1196,1,2,1.55 1.45 1.14
1.55 1.45 1.14,linux-cfs,,,,,,,,,,,
2026-08-21T09:48:46+01:00,linux-cfs,2,1,85,1,1;1;,21336700,21337573,873,2,5,1.55 1.45 1.14
1.55 1.45 1.14,linux-cfs,,,,,,,,,,,
2026-08-21T09:48:46+01:00,linux-cfs,2,2,85,1,1;1;,21337665,21339247,1582,2,4,1.55 1.45 1.14
1.55 1.45 1.14,linux-cfs,,,,,,,,,,,
2026-08-21T09:48:46+01:00,linux-cfs,2,3,86,1,1;1;,21339605,21340911,1306,1,2,1.55 1.45 1.14
1.55 1.45 1.14,linux-cfs,,,,,,,,,,,
2026-08-21T09:48:46+01:00,linux-cfs,4,1,85,1,1;1;1;1;,21341139,21342033,894,1,5,1.55 1.45 1.14
1.55 1.45 1.14,linux-cfs,,,,,,,,,,,
2026-08-21T09:48:46+01:00,linux-cfs,4,2,83,1,1;1;1;1;,21342291,21343242,951,2,5,1.55 1.45 1.14
1.55 1.45 1.14,linux-cfs,,,,,,,,,,,
2026-08-21T09:48:46+01:00,linux-cfs,4,3,85,1,1;1;1;1;,21343608,21344868,1260,6,4,1.55 1.45 1.14
1.55 1.45 1.14,linux-cfs,,,,,,,,,,,
2026-08-21T09:48:46+01:00,linux-cfs,8,1,91,1,1;1;1;1;1;1;1;1;,21345217,21346607,1390,4,4,1.55 1.45 1.14
1.55 1.45 1.14,linux-cfs,,,,,,,,,,,
2026-08-21T09:48:46+01:00,linux-cfs,8,2,86,1,1;1;1;1;1;1;1;1;,21346914,21349071,2157,3,2,1.55 1.45 1.14
1.55 1.45 1.14,linux-cfs,,,,,,,,,,,
2026-08-21T09:48:47+01:00,linux-cfs,8,3,85,1,1;1;1;1;1;1;1;1;,21349201,21351371,2170,3,2,1.55 1.45 1.14
1.55 1.45 1.14,linux-cfs,,,,,,,,,,,
