timestamp,scheduler,workers,repetition,elapsed_ms,completed,wait_rcs,ctxt_before,ctxt_after,ctxt_delta,procs_running_before,procs_running_after,load1_before,load1_after
2026-08-21T09:49:09+01:00,linux-cfs,1,1,91,1,1;,21627648,21629138,1490,1,1,1.58
1.58,linux-cfs,,,,,,,,,,,
2026-08-21T09:49:10+01:00,linux-cfs,1,2,85,1,1;,21629186,21630484,1298,1,1,1.58
1.58,linux-cfs,,,,,,,,,,,
2026-08-21T09:49:10+01:00,linux-cfs,1,3,85,1,1;,21630624,21632003,1379,1,2,1.58
1.58,linux-cfs,,,,,,,,,,,
2026-08-21T09:49:10+01:00,linux-cfs,2,1,84,1,1;1;,21632254,21633463,1209,1,1,1.58
1.58,linux-cfs,,,,,,,,,,,
2026-08-21T09:49:10+01:00,linux-cfs,2,2,84,1,1;1;,21633648,21634863,1215,1,2,1.58
1.58,linux-cfs,,,,,,,,,,,
2026-08-21T09:49:10+01:00,linux-cfs,2,3,85,1,1;1;,21635136,21636391,1255,2,2,1.58
1.58,linux-cfs,,,,,,,,,,,
2026-08-21T09:49:10+01:00,linux-cfs,4,1,86,1,1;1;1;1;,21636766,21637726,960,1,3,1.58
1.58,linux-cfs,,,,,,,,,,,
2026-08-21T09:49:10+01:00,linux-cfs,4,2,86,1,1;1;1;1;,21637925,21639286,1361,4,2,1.58
1.58,linux-cfs,,,,,,,,,,,
2026-08-21T09:49:10+01:00,linux-cfs,4,3,86,1,1;1;1;1;,21639652,21640699,1047,1,3,1.58
1.58,linux-cfs,,,,,,,,,,,
2026-08-21T09:49:10+01:00,linux-cfs,8,1,86,1,1;1;1;1;1;1;1;1;,21641056,21642202,1146,2,3,1.58
1.58,linux-cfs,,,,,,,,,,,
2026-08-21T09:49:10+01:00,linux-cfs,8,2,84,1,1;1;1;1;1;1;1;1;,21642585,21643646,1061,3,4,1.58
1.58,linux-cfs,,,,,,,,,,,
2026-08-21T09:49:11+01:00,linux-cfs,8,3,86,1,1;1;1;1;1;1;1;1;,21643780,21646000,2220,4,2,1.58
1.58,linux-cfs,,,,,,,,,,,
