2026-08-21T11:21:10+01:00
 Static hostname: kali
       Icon name: computer-desktop
         Chassis: desktop 🖥️
      Machine ID: ad8ff312d93944d785931e99cf9d426f
         Boot ID: a3bf92eac31b4b718fa32f990ab3a985
    Product UUID: bb77f3b9-a953-7e2f-4874-435d8cf7404e
Operating System: Kali GNU/Linux Rolling
          Kernel: Linux 7.0.12+kali-amd64
    Architecture: x86-64
 Hardware Vendor: HP
  Hardware Model: HP Pro Tower 280 G9 E PCI Desktop PC
 Hardware Serial: 1N15290990
    Hardware SKU: 7C115AV
Hardware Version: A _SMVB_
Firmware Version: F.33
   Firmware Date: Fri 2025-06-27
    Firmware Age: 1y 1month 3w 3d
Linux kali 7.0.12+kali-amd64 #1 SMP PREEMPT_DYNAMIC Kali 7.0.12-2kali1 (2026-06-18) x86_64 GNU/Linux
7.0.12+kali-amd64
PRETTY_NAME="Kali GNU/Linux Rolling"
NAME="Kali GNU/Linux"
VERSION_ID="2026.3"
VERSION="2026.3"
VERSION_CODENAME=kali-rolling
ID=kali
ID_LIKE=debian
HOME_URL="https://www.kali.org/"
SUPPORT_URL="https://forums.kali.org/"
BUG_REPORT_URL="https://bugs.kali.org/"
ANSI_COLOR="1;31"
Architecture:                            x86_64
CPU op-mode(s):                          32-bit, 64-bit
Address sizes:                           46 bits physical, 48 bits virtual
Byte Order:                              Little Endian
CPU(s):                                  24
On-line CPU(s) list:                     0-23
Vendor ID:                               GenuineIntel
Model name:                              13th Gen Intel(R) Core(TM) i7-13700
CPU family:                              6
Model:                                   183
Thread(s) per core:                      2
Core(s) per socket:                      16
Socket(s):                               1
Stepping:                                1
Microcode version:                       0x133
CPU(s) scaling MHz:                      48%
CPU max MHz:                             5200.0000
CPU min MHz:                             800.0000
BogoMIPS:                                4224.00
Flags:                                   fpu vme de pse tsc msr pae mce cx8 apic sep mtrr pge mca cmov pat pse36 clflush dts acpi mmx fxsr sse sse2 ss ht tm pbe syscall nx pdpe1gb rdtscp lm constant_tsc art arch_perfmon pebs bts rep_good nopl xtopology nonstop_tsc cpuid aperfmperf tsc_known_freq pni pclmulqdq dtes64 monitor ds_cpl vmx smx est tm2 ssse3 sdbg fma cx16 xtpr pdcm pcid sse4_1 sse4_2 x2apic movbe popcnt tsc_deadline_timer aes xsave avx f16c rdrand lahf_lm abm 3dnowprefetch cpuid_fault epb ssbd ibrs ibpb stibp ibrs_enhanced tpr_shadow flexpriority ept vpid ept_ad fsgsbase tsc_adjust bmi1 avx2 smep bmi2 erms invpcid rdseed adx smap clflushopt clwb intel_pt sha_ni xsaveopt xsavec xgetbv1 xsaves split_lock_detect user_shstk avx_vnni dtherm ida arat pln pts hwp hwp_notify hwp_act_window hwp_epp hwp_pkg_req hfi vnmi umip pku ospke waitpkg gfni vaes vpclmulqdq rdpid movdiri movdir64b fsrm md_clear serialize pconfig arch_lbr ibt flush_l1d arch_capabilities
Virtualization:                          VT-x
L1d cache:                               640 KiB (16 instances)
L1i cache:                               768 KiB (16 instances)
L2 cache:                                24 MiB (10 instances)
L3 cache:                                30 MiB (1 instance)
NUMA node(s):                            1
NUMA node0 CPU(s):                       0-23
Vulnerability Gather data sampling:      Not affected
Vulnerability Ghostwrite:                Not affected
Vulnerability Indirect target selection: Not affected
Vulnerability Itlb multihit:             Not affected
Vulnerability L1tf:                      Not affected
Vulnerability Mds:                       Not affected
Vulnerability Meltdown:                  Not affected
Vulnerability Mmio stale data:           Not affected
Vulnerability Old microcode:             Not affected
Vulnerability Reg file data sampling:    Mitigation; Clear Register File
Vulnerability Retbleed:                  Not affected
Vulnerability Spec rstack overflow:      Not affected
Vulnerability Spec store bypass:         Mitigation; Speculative Store Bypass disabled via prctl
Vulnerability Spectre v1:                Mitigation; usercopy/swapgs barriers and __user pointer sanitization
Vulnerability Spectre v2:                Mitigation; Enhanced / Automatic IBRS; IBPB conditional; PBRSB-eIBRS SW sequence; BHI BHI_DIS_S
Vulnerability Srbds:                     Not affected
Vulnerability Tsa:                       Not affected
Vulnerability Tsx async abort:           Not affected
Vulnerability Vmscape:                   Mitigation; IBPB before exit to userspace
24
               total        used        free      shared  buff/cache   available
Mem:            15Gi       2.9Gi        11Gi       420Mi       1.6Gi        12Gi
Swap:          7.5Gi       1.3Gi       6.2Gi
NAME        MAJ:MIN RM   SIZE RO TYPE MOUNTPOINTS
nvme0n1     259:0    0 476.9G  0 disk 
├─nvme0n1p1 259:1    0   100M  0 part /boot/efi
├─nvme0n1p2 259:2    0    16M  0 part 
├─nvme0n1p3 259:3    0 183.1G  0 part 
├─nvme0n1p4 259:4    0   768M  0 part 
├─nvme0n1p5 259:5    0 195.3G  0 part 
├─nvme0n1p6 259:6    0  46.9G  0 part /
├─nvme0n1p7 259:7    0   7.5G  0 part [SWAP]
└─nvme0n1p8 259:8    0  43.3G  0 part /home
Filesystem      Size  Used Avail Use% Mounted on
udev            7.6G     0  7.6G   0% /dev
tmpfs           1.6G  1.7M  1.6G   1% /run
/dev/nvme0n1p6   46G   19G   25G  44% /
tmpfs           7.7G  4.0K  7.7G   1% /dev/shm
efivarfs        256K  125K  127K  50% /sys/firmware/efi/efivars
tmpfs           7.7G   17M  7.7G   1% /tmp
/dev/nvme0n1p8   43G  2.3G   38G   6% /home
/dev/nvme0n1p1   96M   29M   68M  30% /boot/efi
none            1.0M     0  1.0M   0% /run/credentials/getty@tty1.service
tmpfs           1.6G  108K  1.6G   1% /run/user/1000
none            1.0M     0  1.0M   0% /run/credentials/systemd-journald.service
BOOT_IMAGE=/boot/vmlinuz-7.0.12+kali-amd64 root=UUID=ba748417-bde3-40af-8f54-01947d49ffa8 ro quiet splash
available: 1 nodes (0)
node 0 cpus: 0 1 2 3 4 5 6 7 8 9 10 11 12 13 14 15 16 17 18 19 20 21 22 23
node 0 size: 15675 MB
node 0 free: 11973 MB
node distances:
node     0 
   0:   10 
Machine (15GB total)
  Package L#0
    NUMANode L#0 (P#0 15GB)
    L3 L#0 (30MB)
      L2 L#0 (2048KB) + L1d L#0 (48KB) + L1i L#0 (32KB) + Core L#0
        PU L#0 (P#0)
        PU L#1 (P#1)
      L2 L#1 (2048KB) + L1d L#1 (48KB) + L1i L#1 (32KB) + Core L#1
        PU L#2 (P#2)
        PU L#3 (P#3)
      L2 L#2 (2048KB) + L1d L#2 (48KB) + L1i L#2 (32KB) + Core L#2
        PU L#4 (P#4)
        PU L#5 (P#5)
      L2 L#3 (2048KB) + L1d L#3 (48KB) + L1i L#3 (32KB) + Core L#3
        PU L#6 (P#6)
        PU L#7 (P#7)
      L2 L#4 (2048KB) + L1d L#4 (48KB) + L1i L#4 (32KB) + Core L#4
        PU L#8 (P#8)
        PU L#9 (P#9)
      L2 L#5 (2048KB) + L1d L#5 (48KB) + L1i L#5 (32KB) + Core L#5
        PU L#10 (P#10)
        PU L#11 (P#11)
      L2 L#6 (2048KB) + L1d L#6 (48KB) + L1i L#6 (32KB) + Core L#6
        PU L#12 (P#12)
        PU L#13 (P#13)
      L2 L#7 (2048KB) + L1d L#7 (48KB) + L1i L#7 (32KB) + Core L#7
        PU L#14 (P#14)
        PU L#15 (P#15)
      L2 L#8 (4096KB)
        L1d L#8 (32KB) + L1i L#8 (64KB) + Core L#8 + PU L#16 (P#16)
        L1d L#9 (32KB) + L1i L#9 (64KB) + Core L#9 + PU L#17 (P#17)
        L1d L#10 (32KB) + L1i L#10 (64KB) + Core L#10 + PU L#18 (P#18)
        L1d L#11 (32KB) + L1i L#11 (64KB) + Core L#11 + PU L#19 (P#19)
      L2 L#9 (4096KB)
        L1d L#12 (32KB) + L1i L#12 (64KB) + Core L#12 + PU L#20 (P#20)
        L1d L#13 (32KB) + L1i L#13 (64KB) + Core L#13 + PU L#21 (P#21)
        L1d L#14 (32KB) + L1i L#14 (64KB) + Core L#14 + PU L#22 (P#22)
        L1d L#15 (32KB) + L1i L#15 (64KB) + Core L#15 + PU L#23 (P#23)
  HostBridge
    PCI 00:02.0 (VGA)
    PCI 00:0e.0 (RAID)
      Block(Disk) "nvme0n1"
    PCIBridge
      PCI 01:00.0 (Ethernet)
        Net "eth0"
  Misc(MemoryModule)
hp-isa-0000
Adapter: ISA adapter
pwm1:             N/A

acpitz-acpi-0
Adapter: ACPI interface
temp1:        +51.0°C  
temp2:        +27.8°C  

coretemp-isa-0000
Adapter: ISA adapter
Package id 0:  +50.0°C  (high = +80.0°C, crit = +100.0°C)
Core 0:        +49.0°C  (high = +80.0°C, crit = +100.0°C)
Core 4:        +46.0°C  (high = +80.0°C, crit = +100.0°C)
Core 8:        +48.0°C  (high = +80.0°C, crit = +100.0°C)
Core 12:       +46.0°C  (high = +80.0°C, crit = +100.0°C)
Core 16:       +47.0°C  (high = +80.0°C, crit = +100.0°C)
Core 20:       +45.0°C  (high = +80.0°C, crit = +100.0°C)
Core 24:       +49.0°C  (high = +80.0°C, crit = +100.0°C)
Core 28:       +45.0°C  (high = +80.0°C, crit = +100.0°C)
Core 32:       +50.0°C  (high = +80.0°C, crit = +100.0°C)
Core 33:       +50.0°C  (high = +80.0°C, crit = +100.0°C)
Core 34:       +49.0°C  (high = +80.0°C, crit = +100.0°C)
Core 35:       +49.0°C  (high = +80.0°C, crit = +100.0°C)
Core 36:       +50.0°C  (high = +80.0°C, crit = +100.0°C)
Core 37:       +50.0°C  (high = +80.0°C, crit = +100.0°C)
Core 38:       +50.0°C  (high = +80.0°C, crit = +100.0°C)
Core 39:       +50.0°C  (high = +80.0°C, crit = +100.0°C)

nvme-pci-e100
Adapter: PCI adapter
Composite:    +45.9°C  (low  =  -5.2°C, high = +82.8°C)
                       (crit = +84.8°C)
Sensor 1:     +45.9°C  (low  = -273.1°C, high = +65261.8°C)

analyzing CPU 22:
  driver: intel_pstate
  CPUs which run at the same hardware frequency: 22
  CPUs which need to have their frequency coordinated by software: 22
  energy performance preference: balance_performance
  hardware limits: 800 MHz - 4.10 GHz
  available cpufreq governors: performance powersave
  current policy: frequency should be within 800 MHz and 4.10 GHz.
                  The governor "powersave" may decide which speed to use
                  within this range.
  current CPU frequency: Unable to call hardware
  current CPU frequency: 3.65 GHz (asserted by call to kernel)
  boost state support:
    Supported: yes
    Active: yes
1: lo: <LOOPBACK,UP,LOWER_UP> mtu 65536 qdisc noqueue state UNKNOWN group default qlen 1000
    link/loopback 00:00:00:00:00:00 brd 00:00:00:00:00:00
    inet 127.0.0.1/8 scope host lo
       valid_lft forever preferred_lft forever
    inet6 ::1/128 scope host noprefixroute 
       valid_lft forever preferred_lft forever
2: eth0: <BROADCAST,MULTICAST,UP,LOWER_UP> mtu 1500 qdisc fq_codel state UP group default qlen 1000
    link/ether 10:b6:76:4f:a0:80 brd ff:ff:ff:ff:ff:ff
    inet 10.30.10.187/25 brd 10.30.10.255 scope global dynamic noprefixroute eth0
       valid_lft 684590sec preferred_lft 684590sec
    inet6 fe80::12b6:76ff:fe4f:a080/64 scope link noprefixroute 
       valid_lft forever preferred_lft forever
default via 10.30.10.254 dev eth0 proto dhcp src 10.30.10.187 metric 100 
10.30.10.128/25 dev eth0 proto kernel scope link src 10.30.10.187 metric 100 
