2026-08-21T11:37:13+01:00
/home/sharda/Downloads/ORCHESTRA-OS-main
/home/sharda/Downloads/ORCHESTRA-OS-main
82f69cbac2d9bf4ffa1372550f73d9c2c084b8f9
real-machine-validation-20260821
 M artifacts/README.md
 M artifacts/config-6.12.96
 M artifacts/kernel-v6.12.96-orchestra-stage8.bzImage
?? artifacts/real-world/20260821-084900-kali-kernel-bench/
?? artifacts/real-world/20260821-111936-kali-continuation/
?? kernel/sched_ext/bridge/orchestra_bridge
?? kernel/sched_ext/bridge/orchestra_loader
?? kernel/sched_ext/scripts/fixed_work

compilers and tools
gcc (Debian 15.3.0-2) 15.3.0
Debian clang version 21.1.8 (10)
GNU Make 4.4.1
bpftool v7.7.0
using libbpf v1.7
features:
Python 3.14.6
/usr/bin/stress
/usr/bin/numactl
/usr/bin/lstopo-no-graphics
/usr/bin/sensors
/usr/bin/cpupower
/usr/bin/mpstat
/usr/bin/pidstat
/usr/bin/numastat
/usr/bin/vmstat

tracked implementation diff
