10:01:55 === ORCHESTRA Stress Suite ===
10:01:55 Mode: cfs | Duration: 3s | CPUs: 24 | RAM: 15675MB
10:01:55 Output: /tmp/orchestra-stress-20260821-100155
10:01:55 --- CPU Stress (24 workers) ---
10:01:58   CPU: 3s, 0 errors
10:01:58 --- Memory Stress (7837MB) ---
stress: info: [221433] dispatching hogs: 0 cpu, 0 io, 2 vm, 0 hdd
stress: info: [221433] successful run completed in 3s
10:02:01   Memory: done
10:02:01 --- I/O Stress ---
10:02:04   I/O: 3s
10:02:04 --- Mixed Workload ---
10:02:07   Mixed: 3s
10:02:07 --- Health Check ---
10:02:07 === COMPLETE ===
10:02:07 Results: /tmp/orchestra-stress-20260821-100155/results.csv
test,duration_s,cpu_workers,memory_mb,io_files,errors,warnings,completed
cpu_stress,3,24,0,0,0,0,PASS
mem_stress,3,0,7837,0,0,0,PASS
io_stress,3,0,0,12,0,0,PASS
mixed,3,12,7837,12,0,0,PASS
health_check,0,0,0,0,0,1,WARN
