published generation=8 identity=159930:159930:4131965338418 action=THROTTLE
phase=after_publish monotonic_ns=4308310000000
generation":7
runtime_ns":48827189491
effective_count":3379
directive identity=159930:159930:4131965338418 generation=8 action=THROTTLE cpu=4294967295
task identity=159930:159930:4131965338418 generation=8 action=THROTTLE requested_cpu=4294967295 dispatched_cpu=-1 actual_cpu=0 accepted=6014 dispatched=3371 running=7286 effective=3379 fallback=3890 errors=180
telemetry accepted=6014 dispatched=3371 running=1918440 fallback=1910933 migrate_target=516 migrate_other=180 timer_ticks=1012736 deferred_scans=13678 deferred_future=13676 deferred_release_fail=0 deferred_cpu_fail=0 enqueue=275136 run_disp=1911872 yield_disp=1916 mig_acc=513 mig_disp=513 throttle_acc=1 throttle_def=0 sleep_acc=2 sleep_def=2 deferred=2 deferred_rel=2 stale_lease=1247 bad_id=0 expired=0 bad_cpu=0 map_err=0
phase=1 monotonic_ns=4309350000000
generation":8
runtime_ns":49049230493
effective_count":3380
directive identity=159930:159930:4131965338418 generation=8 action=THROTTLE cpu=4294967295
task identity=159930:159930:4131965338418 generation=8 action=THROTTLE requested_cpu=4294967295 dispatched_cpu=-1 actual_cpu=0 accepted=6045 dispatched=3402 running=7318 effective=3380 fallback=3890 errors=180
telemetry accepted=6045 dispatched=3402 running=1926180 fallback=1918605 migrate_target=516 migrate_other=180 timer_ticks=1016809 deferred_scans=14787 deferred_future=14784 deferred_release_fail=0 deferred_cpu_fail=0 enqueue=276094 run_disp=1919544 yield_disp=1916 mig_acc=513 mig_disp=513 throttle_acc=32 throttle_def=1 sleep_acc=2 sleep_def=2 deferred=3 deferred_rel=3 stale_lease=1247 bad_id=0 expired=0 bad_cpu=0 map_err=0
phase=2 monotonic_ns=4310370000000
generation":8
runtime_ns":49223760548
effective_count":3380
directive identity=159930:159930:4131965338418 generation=8 action=THROTTLE cpu=4294967295
task identity=159930:159930:4131965338418 generation=8 action=THROTTLE requested_cpu=4294967295 dispatched_cpu=-1 actual_cpu=0 accepted=6070 dispatched=3427 running=7342 effective=3380 fallback=3890 errors=180
telemetry accepted=6070 dispatched=3427 running=1933605 fallback=1925987 migrate_target=516 migrate_other=180 timer_ticks=1020865 deferred_scans=14787 deferred_future=14784 deferred_release_fail=0 deferred_cpu_fail=0 enqueue=277043 run_disp=1926926 yield_disp=1916 mig_acc=513 mig_disp=513 throttle_acc=57 throttle_def=1 sleep_acc=2 sleep_def=2 deferred=3 deferred_rel=3 stale_lease=1247 bad_id=0 expired=0 bad_cpu=0 map_err=0
phase=3 monotonic_ns=4311400000000
generation":8
runtime_ns":49443303303
effective_count":3380
directive identity=159930:159930:4131965338418 generation=8 action=THROTTLE cpu=4294967295
task identity=159930:159930:4131965338418 generation=8 action=THROTTLE requested_cpu=4294967295 dispatched_cpu=-1 actual_cpu=1 accepted=6101 dispatched=3458 running=7374 effective=3380 fallback=3890 errors=180
telemetry accepted=6101 dispatched=3458 running=1940764 fallback=1933095 migrate_target=516 migrate_other=180 timer_ticks=1024908 deferred_scans=14787 deferred_future=14784 deferred_release_fail=0 deferred_cpu_fail=0 enqueue=277971 run_disp=1934034 yield_disp=1916 mig_acc=513 mig_disp=513 throttle_acc=88 throttle_def=1 sleep_acc=2 sleep_def=2 deferred=3 deferred_rel=3 stale_lease=1247 bad_id=0 expired=0 bad_cpu=0 map_err=0
phase=4 monotonic_ns=4312420000000
generation":8
runtime_ns":49638428481
effective_count":3381
directive identity=159930:159930:4131965338418 generation=8 action=THROTTLE cpu=4294967295
task identity=159930:159930:4131965338418 generation=8 action=THROTTLE requested_cpu=4294967295 dispatched_cpu=-1 actual_cpu=0 accepted=6128 dispatched=3485 running=7401 effective=3381 fallback=3890 errors=180
telemetry accepted=6128 dispatched=3485 running=1948470 fallback=1940753 migrate_target=516 migrate_other=180 timer_ticks=1029016 deferred_scans=14915 deferred_future=14911 deferred_release_fail=0 deferred_cpu_fail=0 enqueue=278907 run_disp=1941692 yield_disp=1916 mig_acc=513 mig_disp=513 throttle_acc=115 throttle_def=2 sleep_acc=2 sleep_def=2 deferred=4 deferred_rel=4 stale_lease=1247 bad_id=0 expired=0 bad_cpu=0 map_err=0
