# Preparation command record
# Campaign: 20260821-021012-redshadow-kali-handoff
# Target runtime commands: NONE EXECUTED in this preparation session.
# The current host was inspected only; user explicitly scoped runtime testing
# to a different Kali machine.

2026-08-21T02:10:12+05:30 | cwd=/home/aether/Documents/ORCHESTRA-OS
command: pwd; git rev-parse --show-toplevel; git rev-parse HEAD; git status --short --branch
return_code: 0
result: repository identity and dirty-worktree inventory captured in session

2026-08-21T02:10:12+05:30 | cwd=/home/aether/Documents/ORCHESTRA-OS
command: date +%Y%m%d-%H%M%S; hostname; uname -srvm
return_code: 0
result: preparation host identified as redshadow; reported kernel was 7.0.12+kali-amd64

2026-08-21T02:10:12+05:30 | cwd=/home/aether/Documents/ORCHESTRA-OS
command: repository/documentation/script inventory and read-only source audit
return_code: 0
result: existing loader, bridge, fixed_work workload, prior Kali artifacts, and unsafe script paths identified

2026-08-21T02:10:12+05:30 | cwd=/home/aether/Documents/ORCHESTRA-OS
command: local tool/path inventory (gcc, clang, make, bpftool, headers, source trees)
return_code: 0
result: no package installation or kernel operation performed; target availability remains unverified

No scheduler load, unload, BPF attach, benchmark, stress, reboot, or persistent
system configuration change was performed by this handoff preparation.
