68: cgroup_skb  name sd_fw_egress  tag 772db7720b2728e9  gpl
	loaded_at 2026-08-21T09:29:28+0100  uid 0
	xlated 64B  jited 64B  memlock 4096B
69: cgroup_skb  name sd_fw_ingress  tag 772db7720b2728e9  gpl
	loaded_at 2026-08-21T09:29:28+0100  uid 0
	xlated 64B  jited 64B  memlock 4096B
106: lsm  name restrict_filesystems  tag 31efb7c56239148b  gpl
	loaded_at 2026-08-21T09:30:34+0100  uid 0
	xlated 520B  jited 294B  memlock 4096B  map_ids 26
	btf_id 186
425: socket_filter  tag 6535b13de335de4a
	loaded_at 2026-08-21T09:31:00+0100  uid 0
	xlated 848B  jited 461B  memlock 4096B  map_ids 27
589: cgroup_skb  name sd_fw_egress  tag 772db7720b2728e9  gpl
	loaded_at 2026-08-21T09:31:06+0100  uid 0
	xlated 64B  jited 64B  memlock 4096B
590: cgroup_skb  name sd_fw_ingress  tag 772db7720b2728e9  gpl
	loaded_at 2026-08-21T09:31:06+0100  uid 0
	xlated 64B  jited 64B  memlock 4096B
591: cgroup_device  name sd_devices  tag a97c143260cd9940  gpl
	loaded_at 2026-08-21T09:31:06+0100  uid 0
	xlated 416B  jited 268B  memlock 4096B
592: cgroup_skb  name sd_fw_egress  tag 772db7720b2728e9  gpl
	loaded_at 2026-08-21T09:31:06+0100  uid 0
	xlated 64B  jited 64B  memlock 4096B
593: cgroup_skb  name sd_fw_ingress  tag 772db7720b2728e9  gpl
	loaded_at 2026-08-21T09:31:06+0100  uid 0
	xlated 64B  jited 64B  memlock 4096B
594: cgroup_skb  name sd_fw_egress  tag 772db7720b2728e9  gpl
	loaded_at 2026-08-21T09:31:06+0100  uid 0
	xlated 64B  jited 64B  memlock 4096B
595: cgroup_skb  name sd_fw_ingress  tag 772db7720b2728e9  gpl
	loaded_at 2026-08-21T09:31:06+0100  uid 0
	xlated 64B  jited 64B  memlock 4096B
596: cgroup_device  name sd_devices  tag a97c143260cd9940  gpl
	loaded_at 2026-08-21T09:31:06+0100  uid 0
	xlated 416B  jited 268B  memlock 4096B
597: cgroup_device  name sd_devices  tag e85dd840b52c4ab9  gpl
	loaded_at 2026-08-21T09:31:06+0100  uid 0
	xlated 792B  jited 490B  memlock 4096B
598: cgroup_skb  name sd_fw_egress  tag 772db7720b2728e9  gpl
	loaded_at 2026-08-21T09:31:06+0100  uid 0
	xlated 64B  jited 64B  memlock 4096B
599: cgroup_skb  name sd_fw_ingress  tag 772db7720b2728e9  gpl
	loaded_at 2026-08-21T09:31:06+0100  uid 0
	xlated 64B  jited 64B  memlock 4096B
601: cgroup_device  name sd_devices  tag 4ea3934a7fabf5c3  gpl
	loaded_at 2026-08-21T09:31:06+0100  uid 0
	xlated 504B  jited 319B  memlock 4096B
602: cgroup_skb  name sd_fw_egress  tag 772db7720b2728e9  gpl
	loaded_at 2026-08-21T09:31:06+0100  uid 0
	xlated 64B  jited 64B  memlock 4096B
603: cgroup_skb  name sd_fw_ingress  tag 772db7720b2728e9  gpl
	loaded_at 2026-08-21T09:31:06+0100  uid 0
	xlated 64B  jited 64B  memlock 4096B
607: cgroup_device  name sd_devices  tag a97c143260cd9940  gpl
	loaded_at 2026-08-21T09:31:06+0100  uid 0
	xlated 416B  jited 268B  memlock 4096B
608: cgroup_device  name sd_devices  tag a97c143260cd9940  gpl
	loaded_at 2026-08-21T09:31:06+0100  uid 0
	xlated 416B  jited 268B  memlock 4096B
609: cgroup_device  name sd_devices  tag b3333f074dcc518c  gpl
	loaded_at 2026-08-21T09:31:06+0100  uid 0
	xlated 184B  jited 111B  memlock 4096B
665: cgroup_skb  name sd_fw_egress  tag 772db7720b2728e9  gpl
	loaded_at 2026-08-21T11:21:10+0100  uid 0
	xlated 64B  jited 64B  memlock 4096B
666: cgroup_skb  name sd_fw_ingress  tag 772db7720b2728e9  gpl
	loaded_at 2026-08-21T11:21:10+0100  uid 0
	xlated 64B  jited 64B  memlock 4096B
672: struct_ops  name orchestra_sched_init  tag f6fa696bda20fdf6  gpl
	loaded_at 2026-08-21T11:22:40+0100  uid 0
	xlated 2536B  jited 1456B  memlock 4096B  map_ids 73,68,74,77,71,72,76
	btf_id 235
674: struct_ops  name orchestra_sched_exit  tag 844425ef9afb3ee0  gpl
	loaded_at 2026-08-21T11:22:40+0100  uid 0
	xlated 200B  jited 142B  memlock 4096B  map_ids 73,76
	btf_id 235
675: struct_ops  name orchestra_sched_enable  tag 92b9fdef2be83969  gpl
	loaded_at 2026-08-21T11:22:40+0100  uid 0
	xlated 448B  jited 268B  memlock 4096B  map_ids 73,68,70,76
	btf_id 235
676: struct_ops  name orchestra_sched_disable  tag 1ffc371191eb4a70  gpl
	loaded_at 2026-08-21T11:22:40+0100  uid 0
	xlated 464B  jited 286B  memlock 4096B  map_ids 73,70,69,71,72,76
	btf_id 235
677: struct_ops  name orchestra_sched_select_cpu  tag 054d04f12b5eefec  gpl
	loaded_at 2026-08-21T11:22:40+0100  uid 0
	xlated 20400B  jited 11944B  memlock 24576B  map_ids 73,69,68,72,71,76
	btf_id 235
678: struct_ops  name orchestra_sched_enqueue  tag 275d154720e632a3  gpl
	loaded_at 2026-08-21T11:22:40+0100  uid 0
	xlated 15160B  jited 9017B  memlock 16384B  map_ids 73,69,68,72,71,76
	btf_id 235
679: struct_ops  name orchestra_sched_dispatch  tag da3d9fa71b824962  gpl
	loaded_at 2026-08-21T11:22:40+0100  uid 0
	xlated 136B  jited 98B  memlock 4096B  map_ids 73,76
	btf_id 235
680: struct_ops  name orchestra_sched_running  tag b4e26b1c9c50edfd  gpl
	loaded_at 2026-08-21T11:22:40+0100  uid 0
	xlated 1048B  jited 598B  memlock 4096B  map_ids 71,72,73,76
	btf_id 235
681: struct_ops  name orchestra_sched_stopping  tag 4496eee51742d038  gpl
	loaded_at 2026-08-21T11:22:40+0100  uid 0
	xlated 736B  jited 421B  memlock 4096B  map_ids 71,72,73,76
	btf_id 235
